Archive member included to satisfy reference by file (symbol)

/usr/lib/gcc/arm-none-eabi/10.3.1/thumb/v6-m/nofp/libgcc.a(_dvmd_tls.o)
                              CMakeFiles/Auto_Hydroponics.dir/home/Programming/pico/pico-sdk/src/rp2_common/pico_divider/divider.S.obj (__aeabi_idiv0)
/usr/lib/gcc/arm-none-eabi/10.3.1/../../../arm-none-eabi/lib/thumb/v6-m/nofp/libg.a(lib_a-atexit.o)
                              /usr/lib/gcc/arm-none-eabi/10.3.1/../../../arm-none-eabi/lib/thumb/v6-m/nofp/crt0.o (atexit)
/usr/lib/gcc/arm-none-eabi/10.3.1/../../../arm-none-eabi/lib/thumb/v6-m/nofp/libg.a(lib_a-atoi.o)
                              CMakeFiles/Auto_Hydroponics.dir/home/Programming/pico/pico-sdk/lib/lwip/src/core/netif.c.obj (atoi)
/usr/lib/gcc/arm-none-eabi/10.3.1/../../../arm-none-eabi/lib/thumb/v6-m/nofp/libg.a(lib_a-calloc.o)
                              CMakeFiles/Auto_Hydroponics.dir/home/Programming/pico/pico-sdk/src/rp2_common/pico_malloc/pico_malloc.c.obj (calloc)
/usr/lib/gcc/arm-none-eabi/10.3.1/../../../arm-none-eabi/lib/thumb/v6-m/nofp/libg.a(lib_a-callocr.o)
                              /usr/lib/gcc/arm-none-eabi/10.3.1/../../../arm-none-eabi/lib/thumb/v6-m/nofp/libg.a(lib_a-calloc.o) (_calloc_r)
/usr/lib/gcc/arm-none-eabi/10.3.1/../../../arm-none-eabi/lib/thumb/v6-m/nofp/libg.a(lib_a-ctype_.o)
                              CMakeFiles/Auto_Hydroponics.dir/home/Programming/pico/pico-sdk/lib/lwip/src/core/dns.c.obj (_ctype_)
/usr/lib/gcc/arm-none-eabi/10.3.1/../../../arm-none-eabi/lib/thumb/v6-m/nofp/libg.a(lib_a-fini.o)
                              /usr/lib/gcc/arm-none-eabi/10.3.1/../../../arm-none-eabi/lib/thumb/v6-m/nofp/crt0.o (__libc_fini_array)
/usr/lib/gcc/arm-none-eabi/10.3.1/../../../arm-none-eabi/lib/thumb/v6-m/nofp/libg.a(lib_a-impure.o)
                              /usr/lib/gcc/arm-none-eabi/10.3.1/../../../arm-none-eabi/lib/thumb/v6-m/nofp/libg.a(lib_a-calloc.o) (_impure_ptr)
/usr/lib/gcc/arm-none-eabi/10.3.1/../../../arm-none-eabi/lib/thumb/v6-m/nofp/libg.a(lib_a-init.o)
                              /usr/lib/gcc/arm-none-eabi/10.3.1/../../../arm-none-eabi/lib/thumb/v6-m/nofp/crt0.o (__libc_init_array)
/usr/lib/gcc/arm-none-eabi/10.3.1/../../../arm-none-eabi/lib/thumb/v6-m/nofp/libg.a(lib_a-malloc.o)
                              CMakeFiles/Auto_Hydroponics.dir/home/Programming/pico/pico-sdk/src/rp2_common/pico_malloc/pico_malloc.c.obj (malloc)
/usr/lib/gcc/arm-none-eabi/10.3.1/../../../arm-none-eabi/lib/thumb/v6-m/nofp/libg.a(lib_a-mallocr.o)
                              /usr/lib/gcc/arm-none-eabi/10.3.1/../../../arm-none-eabi/lib/thumb/v6-m/nofp/libg.a(lib_a-callocr.o) (_malloc_r)
/usr/lib/gcc/arm-none-eabi/10.3.1/../../../arm-none-eabi/lib/thumb/v6-m/nofp/libg.a(lib_a-memcmp.o)
                              CMakeFiles/Auto_Hydroponics.dir/home/Programming/pico/pico-sdk/lib/lwip/src/netif/ethernet.c.obj (memcmp)
/usr/lib/gcc/arm-none-eabi/10.3.1/../../../arm-none-eabi/lib/thumb/v6-m/nofp/libg.a(lib_a-memmove.o)
                              CMakeFiles/Auto_Hydroponics.dir/home/Programming/pico/pico-sdk/lib/lwip/src/core/def.c.obj (memmove)
/usr/lib/gcc/arm-none-eabi/10.3.1/../../../arm-none-eabi/lib/thumb/v6-m/nofp/libg.a(lib_a-mlock.o)
                              /usr/lib/gcc/arm-none-eabi/10.3.1/../../../arm-none-eabi/lib/thumb/v6-m/nofp/libg.a(lib_a-mallocr.o) (__malloc_lock)
/usr/lib/gcc/arm-none-eabi/10.3.1/../../../arm-none-eabi/lib/thumb/v6-m/nofp/libg.a(lib_a-realloc.o)
                              CMakeFiles/Auto_Hydroponics.dir/home/Programming/pico/pico-sdk/src/rp2_common/pico_malloc/pico_malloc.c.obj (realloc)
/usr/lib/gcc/arm-none-eabi/10.3.1/../../../arm-none-eabi/lib/thumb/v6-m/nofp/libg.a(lib_a-reallocr.o)
                              /usr/lib/gcc/arm-none-eabi/10.3.1/../../../arm-none-eabi/lib/thumb/v6-m/nofp/libg.a(lib_a-realloc.o) (_realloc_r)
/usr/lib/gcc/arm-none-eabi/10.3.1/../../../arm-none-eabi/lib/thumb/v6-m/nofp/libg.a(lib_a-sbrkr.o)
                              /usr/lib/gcc/arm-none-eabi/10.3.1/../../../arm-none-eabi/lib/thumb/v6-m/nofp/libg.a(lib_a-mallocr.o) (_sbrk_r)
/usr/lib/gcc/arm-none-eabi/10.3.1/../../../arm-none-eabi/lib/thumb/v6-m/nofp/libg.a(lib_a-scanf.o)
                              CMakeFiles/Auto_Hydroponics.dir/source_file/main.cpp.obj (scanf)
/usr/lib/gcc/arm-none-eabi/10.3.1/../../../arm-none-eabi/lib/thumb/v6-m/nofp/libg.a(lib_a-strlen-stub.o)
                              CMakeFiles/Auto_Hydroponics.dir/home/Programming/pico/pico-sdk/src/rp2_common/pico_stdio/stdio.c.obj (strlen)
/usr/lib/gcc/arm-none-eabi/10.3.1/../../../arm-none-eabi/lib/thumb/v6-m/nofp/libg.a(lib_a-strncmp.o)
                              CMakeFiles/Auto_Hydroponics.dir/home/Programming/pico/pico-sdk/lib/lwip/src/core/def.c.obj (strncmp)
/usr/lib/gcc/arm-none-eabi/10.3.1/../../../arm-none-eabi/lib/thumb/v6-m/nofp/libg.a(lib_a-strtol.o)
[...]
Memory Configuration

Name             Origin             Length             Attributes
FLASH            0x0000000010000000 0x0000000000200000 xr
RAM              0x0000000020000000 0x0000000000040000 xrw
SCRATCH_X        0x0000000020040000 0x0000000000001000 xrw
SCRATCH_Y        0x0000000020041000 0x0000000000001000 xrw
*default*        0x0000000000000000 0xffffffffffffffff

Linker script and memory map

LOAD /usr/lib/gcc/arm-none-eabi/10.3.1/thumb/v6-m/nofp/crti.o
LOAD /usr/lib/gcc/arm-none-eabi/10.3.1/thumb/v6-m/nofp/crtbegin.o
LOAD /usr/lib/gcc/arm-none-eabi/10.3.1/../../../arm-none-eabi/lib/thumb/v6-m/nofp/crt0.o

.flash_begin    0x0000000010000000        0x0
                0x0000000010000000                __flash_binary_start = .

.boot2          0x0000000010000000      0x100
                0x0000000010000000                __boot2_start__ = .
 *(.boot2)
 .boot2         0x0000000010000000      0x100 /tmp/ccvpAVNr.o
                0x0000000010000100                __boot2_end__ = .
                0x0000000000000001                ASSERT (((__boot2_end__ - __boot2_start__) == 0x100), ERROR: Pico second stage bootloader must be 256 bytes in size)

.text           0x0000000010000100    0x19b10
                0x0000000010000100                __logical_binary_start = .
 *(.vectors)
 .vectors       0x0000000010000100       0xd4 CMakeFiles/Auto_Hydroponics.dir/home/Programming/pico/pico-sdk/src/rp2_common/pico_standard_link/crt0.S.obj
                0x0000000010000100                __vectors
                0x0000000010000100                __VECTOR_TABLE
                0x00000000100001c0                isr_invalid
                0x00000000100001c0                __default_isrs_start
                0x00000000100001c2                isr_nmi
                0x00000000100001c4                isr_hardfault
                0x00000000100001c6                isr_svcall
                0x00000000100001c8                isr_pendsv
                0x00000000100001ca                isr_systick
                0x00000000100001cc                isr_irq30
                0x00000000100001cc                __unhandled_user_irq
                0x00000000100001cc                isr_irq13
                0x00000000100001cc                isr_irq27
                0x00000000100001cc                isr_irq31
                0x00000000100001cc                isr_irq5
                0x00000000100001cc                isr_irq11
                0x00000000100001cc                isr_irq23
                0x00000000100001cc                isr_irq18
                0x00000000100001cc                isr_irq28
                0x00000000100001cc                isr_irq19
                0x00000000100001cc                isr_irq0
                0x00000000100001cc                isr_irq6
                0x00000000100001cc                isr_irq22
                0x00000000100001cc                isr_irq17
                0x00000000100001cc                isr_irq14
                0x00000000100001cc                isr_irq2
                0x00000000100001cc                isr_irq10
                0x00000000100001cc                isr_irq8
                0x00000000100001cc                isr_irq24
                0x00000000100001cc                isr_irq1
                0x00000000100001cc                isr_irq7
                0x00000000100001cc                isr_irq21
                0x00000000100001cc                isr_irq20
                0x00000000100001cc                isr_irq15
                0x00000000100001cc                isr_irq25
                0x00000000100001cc                isr_irq4
                0x00000000100001cc                isr_irq16
                0x00000000100001cc                isr_irq29
                0x00000000100001cc                isr_irq26
                0x00000000100001cc                __default_isrs_end
                0x00000000100001cc                isr_irq3
                0x00000000100001cc                isr_irq12
                0x00000000100001cc                isr_irq9
                0x00000000100001d2                unhandled_user_irq_num_in_r0
 *(.binary_info_header)
 .binary_info_header
                0x00000000100001d4       0x14 CMakeFiles/Auto_Hydroponics.dir/home/Programming/pico/pico-sdk/src/rp2_common/pico_standard_link/crt0.S.obj
                0x00000000100001e8                __binary_info_header_end = .
 *(.reset)
 .reset         0x00000000100001e8       0xa0 CMakeFiles/Auto_Hydroponics.dir/home/Programming/pico/pico-sdk/src/rp2_common/pico_standard_link/crt0.S.obj
                0x00000000100001e8                _entry_point
 .reset         0x0000000010000288       0x30 CMakeFiles/Auto_Hydroponics.dir/home/Programming/pico/pico-sdk/src/rp2_common/pico_standard_link/binary_info.c.obj
 *(.init)
 .init          0x00000000100002b8        0x4 /usr/lib/gcc/arm-none-eabi/10.3.1/thumb/v6-m/nofp/crti.o
                0x00000000100002b8                _init
 *(EXCLUDE_FILE(*libm.a: *libc.a:*lib_a-mem*.o *libgcc.a:) .text*)
 .text          0x00000000100002bc       0x98 /usr/lib/gcc/arm-none-eabi/10.3.1/thumb/v6-m/nofp/crtbegin.o
 .text.main     0x0000000010000354       0xbc CMakeFiles/Auto_Hydroponics.dir/source_file/main.cpp.obj
                0x0000000010000354                main
 .text._ZN16ATLAS_TEMP_PROBE23Get_Temperature_ReadingEv
                0x0000000010000410       0xc4 CMakeFiles/Auto_Hydroponics.dir/Classes/Atlas_Temp_Probe.cpp.obj
                0x0000000010000410                ATLAS_TEMP_PROBE::Get_Temperature_Reading()
 .text.gpio_set_function
                0x00000000100004d4       0x30 CMakeFiles/Auto_Hydroponics.dir/home/Programming/pico/pico-sdk/src/rp2_common/hardware_gpio/gpio.c.obj
                0x00000000100004d4                gpio_set_function
 .text.gpio_set_pulls
                0x0000000010000504       0x34 CMakeFiles/Auto_Hydroponics.dir/home/Programming/pico/pico-sdk/src/rp2_common/hardware_gpio/gpio.c.obj
                0x0000000010000504                gpio_set_pulls
 .text.gpio_set_input_hysteresis_enabled
                0x0000000010000538       0x30 CMakeFiles/Auto_Hydroponics.dir/home/Programming/pico/pico-sdk/src/rp2_common/hardware_gpio/gpio.c.obj
                0x0000000010000538                gpio_set_input_hysteresis_enabled
 .text.gpio_add_raw_irq_handler_with_order_priority_masked
                0x0000000010000568       0x40 CMakeFiles/Auto_Hydroponics.dir/home/Programming/pico/pico-sdk/src/rp2_common/hardware_gpio/gpio.c.obj
                0x0000000010000568                gpio_add_raw_irq_handler_with_order_priority_masked
 .text.gpio_remove_raw_irq_handler_masked
                0x00000000100005a8       0x48 CMakeFiles/Auto_Hydroponics.dir/home/Programming/pico/pico-sdk/src/rp2_common/hardware_gpio/gpio.c.obj
                0x00000000100005a8                gpio_remove_raw_irq_handler_masked
 .text.gpio_acknowledge_irq
                0x00000000100005f0       0x18 CMakeFiles/Auto_Hydroponics.dir/home/Programming/pico/pico-sdk/src/rp2_common/hardware_gpio/gpio.c.obj
                0x00000000100005f0                gpio_acknowledge_irq
 .text._gpio_set_irq_enabled
                0x0000000010000608       0x34 CMakeFiles/Auto_Hydroponics.dir/home/Programming/pico/pico-sdk/src/rp2_common/hardware_gpio/gpio.c.obj
 .text.gpio_set_irq_enabled
                0x000000001000063c       0x20 CMakeFiles/Auto_Hydroponics.dir/home/Programming/pico/pico-sdk/src/rp2_common/hardware_gpio/gpio.c.obj
                0x000000001000063c                gpio_set_irq_enabled
 .text.gpio_init
                0x000000001000065c       0x16 CMakeFiles/Auto_Hydroponics.dir/home/Programming/pico/pico-sdk/src/rp2_common/hardware_gpio/gpio.c.obj
                0x000000001000065c                gpio_init
 *fill*         0x0000000010000672        0x2 
 .text.running_on_fpga
                0x0000000010000674       0x14 CMakeFiles/Auto_Hydroponics.dir/home/Programming/pico/pico-sdk/src/rp2_common/pico_platform/platform.c.obj
                0x0000000010000674                running_on_fpga
 .text.hw_claim_lock
                0x0000000010000688       0x18 CMakeFiles/Auto_Hydroponics.dir/home/Programming/pico/pico-sdk/src/rp2_common/hardware_claim/claim.c.obj
                0x0000000010000688                hw_claim_lock
 .text.hw_claim_unlock
                0x00000000100006a0       0x14 CMakeFiles/Auto_Hydroponics.dir/home/Programming/pico/pico-sdk/src/rp2_common/hardware_claim/claim.c.obj
                0x00000000100006a0                hw_claim_unlock
 .text.hw_claim_or_assert
                0x00000000100006b4       0x32 CMakeFiles/Auto_Hydroponics.dir/home/Programming/pico/pico-sdk/src/rp2_common/hardware_claim/claim.c.obj
                0x00000000100006b4                hw_claim_or_assert
 .text.hw_claim_unused_from_range
                0x00000000100006e6       0x50 CMakeFiles/Auto_Hydroponics.dir/home/Programming/pico/pico-sdk/src/rp2_common/hardware_claim/claim.c.obj
                0x00000000100006e6                hw_claim_unused_from_range
 *fill*         0x0000000010000736        0x2 
 .text.hw_claim_clear
                0x0000000010000738       0x40 CMakeFiles/Auto_Hydroponics.dir/home/Programming/pico/pico-sdk/src/rp2_common/hardware_claim/claim.c.obj
                0x0000000010000738                hw_claim_clear
 .text.spin_locks_reset
                0x0000000010000778       0x20 CMakeFiles/Auto_Hydroponics.dir/home/Programming/pico/pico-sdk/src/rp2_common/hardware_sync/sync.c.obj
                0x0000000010000778                spin_locks_reset
 .text.next_striped_spin_lock_num
                0x0000000010000798       0x1c CMakeFiles/Auto_Hydroponics.dir/home/Programming/pico/pico-sdk/src/rp2_common/hardware_sync/sync.c.obj
                0x0000000010000798                next_striped_spin_lock_num
 .text.spin_lock_claim_unused
                0x00000000100007b4       0x20 CMakeFiles/Auto_Hydroponics.dir/home/Programming/pico/pico-sdk/src/rp2_common/hardware_sync/sync.c.obj
                0x00000000100007b4                spin_lock_claim_unused
 .text.set_raw_irq_handler_and_unlock
                0x00000000100007d4       0x28 CMakeFiles/Auto_Hydroponics.dir/home/Programming/pico/pico-sdk/src/rp2_common/hardware_irq/irq.c.obj
 .text.get_user_irq_claim_index
                0x00000000100007fc        0x6 CMakeFiles/Auto_Hydroponics.dir/home/Programming/pico/pico-sdk/src/rp2_common/hardware_irq/irq.c.obj
 *fill*         0x0000000010000802        0x2 
 .text.make_branch
                0x0000000010000804       0x48 CMakeFiles/Auto_Hydroponics.dir/home/Programming/pico/pico-sdk/src/rp2_common/hardware_irq/irq.c.obj
 .text.insert_branch_and_link
                0x000000001000084c       0x40 CMakeFiles/Auto_Hydroponics.dir/home/Programming/pico/pico-sdk/src/rp2_common/hardware_irq/irq.c.obj
 .text.irq_is_enabled
                0x000000001000088c       0x18 CMakeFiles/Auto_Hydroponics.dir/home/Programming/pico/pico-sdk/src/rp2_common/hardware_irq/irq.c.obj
                0x000000001000088c                irq_is_enabled
 .text.irq_set_mask_enabled
                0x00000000100008a4       0x20 CMakeFiles/Auto_Hydroponics.dir/home/Programming/pico/pico-sdk/src/rp2_common/hardware_irq/irq.c.obj
                0x00000000100008a4                irq_set_mask_enabled
 .text.irq_set_enabled
                0x00000000100008c4        0xe CMakeFiles/Auto_Hydroponics.dir/home/Programming/pico/pico-sdk/src/rp2_common/hardware_irq/irq.c.obj
                0x00000000100008c4                irq_set_enabled
 *fill*         0x00000000100008d2        0x2 
 .text.irq_set_pending
                0x00000000100008d4       0x10 CMakeFiles/Auto_Hydroponics.dir/home/Programming/pico/pico-sdk/src/rp2_common/hardware_irq/irq.c.obj
                0x00000000100008d4                irq_set_pending
 .text.irq_get_vtable_handler
                0x00000000100008e4       0x10 CMakeFiles/Auto_Hydroponics.dir/home/Programming/pico/pico-sdk/src/rp2_common/hardware_irq/irq.c.obj
                0x00000000100008e4                irq_get_vtable_handler
 .text.irq_has_shared_handler
                0x00000000100008f4       0x24 CMakeFiles/Auto_Hydroponics.dir/home/Programming/pico/pico-sdk/src/rp2_common/hardware_irq/irq.c.obj
                0x00000000100008f4                irq_has_shared_handler
 .text.irq_set_exclusive_handler
                0x0000000010000918       0x54 CMakeFiles/Auto_Hydroponics.dir/home/Programming/pico/pico-sdk/src/rp2_common/hardware_irq/irq.c.obj
                0x0000000010000918                irq_set_exclusive_handler
 .text.irq_add_shared_handler
                0x000000001000096c      0x234 CMakeFiles/Auto_Hydroponics.dir/home/Programming/pico/pico-sdk/src/rp2_common/hardware_irq/irq.c.obj
                0x000000001000096c                irq_add_shared_handler
 .text.irq_remove_handler
                0x0000000010000ba0      0x1ac CMakeFiles/Auto_Hydroponics.dir/home/Programming/pico/pico-sdk/src/rp2_common/hardware_irq/irq.c.obj
                0x0000000010000ba0                irq_remove_handler
 .text.irq_set_priority
                0x0000000010000d4c       0x28 CMakeFiles/Auto_Hydroponics.dir/home/Programming/pico/pico-sdk/src/rp2_common/hardware_irq/irq.c.obj
                0x0000000010000d4c                irq_set_priority
 .text.irq_add_tail_to_free_list
                0x0000000010000d74       0xf0 CMakeFiles/Auto_Hydroponics.dir/home/Programming/pico/pico-sdk/src/rp2_common/hardware_irq/irq.c.obj
                0x0000000010000d74                irq_add_tail_to_free_list
 .text.irq_init_priorities
                0x0000000010000e64       0x1c CMakeFiles/Auto_Hydroponics.dir/home/Programming/pico/pico-sdk/src/rp2_common/hardware_irq/irq.c.obj
                0x0000000010000e64                irq_init_priorities
 .text.user_irq_unclaim
                0x0000000010000e80       0x14 CMakeFiles/Auto_Hydroponics.dir/home/Programming/pico/pico-sdk/src/rp2_common/hardware_irq/irq.c.obj
                0x0000000010000e80                user_irq_unclaim
 .text.user_irq_claim_unused
                0x0000000010000e94       0x28 CMakeFiles/Auto_Hydroponics.dir/home/Programming/pico/pico-sdk/src/rp2_common/hardware_irq/irq.c.obj
                0x0000000010000e94                user_irq_claim_unused
 .text.sem_init
                0x0000000010000ebc       0x1e CMakeFiles/Auto_Hydroponics.dir/home/Programming/pico/pico-sdk/src/common/pico_sync/sem.c.obj
                0x0000000010000ebc                sem_init
 *fill*         0x0000000010000eda        0x2 
 .text.lock_init
                0x0000000010000edc       0x10 CMakeFiles/Auto_Hydroponics.dir/home/Programming/pico/pico-sdk/src/common/pico_sync/lock_core.c.obj
                0x0000000010000edc                lock_init
 .text.mutex_init
                0x0000000010000eec       0x1a CMakeFiles/Auto_Hydroponics.dir/home/Programming/pico/pico-sdk/src/common/pico_sync/mutex.c.obj
                0x0000000010000eec                mutex_init
 .text.recursive_mutex_init
                0x0000000010000f06       0x1e CMakeFiles/Auto_Hydroponics.dir/home/Programming/pico/pico-sdk/src/common/pico_sync/mutex.c.obj
                0x0000000010000f06                recursive_mutex_init
 .text.critical_section_init_with_lock_num
                0x0000000010000f24       0x14 CMakeFiles/Auto_Hydroponics.dir/home/Programming/pico/pico-sdk/src/common/pico_sync/critical_section.c.obj
                0x0000000010000f24                critical_section_init_with_lock_num
 .text.critical_section_init
                0x0000000010000f38       0x14 CMakeFiles/Auto_Hydroponics.dir/home/Programming/pico/pico-sdk/src/common/pico_sync/critical_section.c.obj
                0x0000000010000f38                critical_section_init
 .text.alarm_pool_post_alloc_init
                0x0000000010000f4c       0x40 CMakeFiles/Auto_Hydroponics.dir/home/Programming/pico/pico-sdk/src/common/pico_time/time.c.obj
 .text.sleep_until_callback
                0x0000000010000f8c       0x30 CMakeFiles/Auto_Hydroponics.dir/home/Programming/pico/pico-sdk/src/common/pico_time/time.c.obj
 .text.timer_pool_entry_comparator
                0x0000000010000fbc       0x7c CMakeFiles/Auto_Hydroponics.dir/home/Programming/pico/pico-sdk/src/common/pico_time/time.c.obj
                0x0000000010000fbc                timer_pool_entry_comparator
 .text.ph_add_child_node
                0x0000000010001038       0xa4 CMakeFiles/Auto_Hydroponics.dir/home/Programming/pico/pico-sdk/src/common/pico_time/time.c.obj
 .text.ph_merge_nodes
                0x00000000100010dc       0x3e CMakeFiles/Auto_Hydroponics.dir/home/Programming/pico/pico-sdk/src/common/pico_time/time.c.obj
 *fill*         0x000000001000111a        0x2 
 .text.add_alarm_under_lock
                0x000000001000111c      0x174 CMakeFiles/Auto_Hydroponics.dir/home/Programming/pico/pico-sdk/src/common/pico_time/time.c.obj
 .text.alarm_pool_alarm_callback
                0x0000000010001290      0x33c CMakeFiles/Auto_Hydroponics.dir/home/Programming/pico/pico-sdk/src/common/pico_time/time.c.obj
 .text.alarm_pool_init_default
                0x00000000100015cc       0x40 CMakeFiles/Auto_Hydroponics.dir/home/Programming/pico/pico-sdk/src/common/pico_time/time.c.obj
                0x00000000100015cc                alarm_pool_init_default
 .text.alarm_pool_get_default
                0x000000001000160c       0x2c CMakeFiles/Auto_Hydroponics.dir/home/Programming/pico/pico-sdk/src/common/pico_time/time.c.obj
                0x000000001000160c                alarm_pool_get_default
 .text.alarm_pool_add_alarm_at
                0x0000000010001638      0x168 CMakeFiles/Auto_Hydroponics.dir/home/Programming/pico/pico-sdk/src/common/pico_time/time.c.obj
                0x0000000010001638                alarm_pool_add_alarm_at
 .text.alarm_pool_cancel_alarm
                0x00000000100017a0       0xf0 CMakeFiles/Auto_Hydroponics.dir/home/Programming/pico/pico-sdk/src/common/pico_time/time.c.obj
                0x00000000100017a0                alarm_pool_cancel_alarm
 .text.alarm_pool_core_num
                0x0000000010001890        0x4 CMakeFiles/Auto_Hydroponics.dir/home/Programming/pico/pico-sdk/src/common/pico_time/time.c.obj
                0x0000000010001890                alarm_pool_core_num
 .text.sleep_until
                0x0000000010001894       0xfc CMakeFiles/Auto_Hydroponics.dir/home/Programming/pico/pico-sdk/src/common/pico_time/time.c.obj
                0x0000000010001894                sleep_until
 .text.sleep_us
                0x0000000010001990       0x58 CMakeFiles/Auto_Hydroponics.dir/home/Programming/pico/pico-sdk/src/common/pico_time/time.c.obj
                0x0000000010001990                sleep_us
 .text.sleep_ms
                0x00000000100019e8       0x14 CMakeFiles/Auto_Hydroponics.dir/home/Programming/pico/pico-sdk/src/common/pico_time/time.c.obj
                0x00000000100019e8                sleep_ms
 .text.best_effort_wfe_or_timeout
                0x00000000100019fc       0xac CMakeFiles/Auto_Hydroponics.dir/home/Programming/pico/pico-sdk/src/common/pico_time/time.c.obj
                0x00000000100019fc                best_effort_wfe_or_timeout
 .text.hardware_alarm_irq_handler
                0x0000000010001aa8       0x90 CMakeFiles/Auto_Hydroponics.dir/home/Programming/pico/pico-sdk/src/rp2_common/hardware_timer/timer.c.obj
 .text.hardware_alarm_claim
                0x0000000010001b38       0x18 CMakeFiles/Auto_Hydroponics.dir/home/Programming/pico/pico-sdk/src/rp2_common/hardware_timer/timer.c.obj
                0x0000000010001b38                hardware_alarm_claim
 .text.time_us_64
                0x0000000010001b50       0x18 CMakeFiles/Auto_Hydroponics.dir/home/Programming/pico/pico-sdk/src/rp2_common/hardware_timer/timer.c.obj
                0x0000000010001b50                time_us_64
 .text.busy_wait_until
                0x0000000010001b68       0x28 CMakeFiles/Auto_Hydroponics.dir/home/Programming/pico/pico-sdk/src/rp2_common/hardware_timer/timer.c.obj
                0x0000000010001b68                busy_wait_until
 .text.busy_wait_us
                0x0000000010001b90       0x48 CMakeFiles/Auto_Hydroponics.dir/home/Programming/pico/pico-sdk/src/rp2_common/hardware_timer/timer.c.obj
                0x0000000010001b90                busy_wait_us
 .text.hardware_alarm_set_callback
                0x0000000010001bd8       0x90 CMakeFiles/Auto_Hydroponics.dir/home/Programming/pico/pico-sdk/src/rp2_common/hardware_timer/timer.c.obj
                0x0000000010001bd8                hardware_alarm_set_callback
 .text.hardware_alarm_set_target
                0x0000000010001c68       0xe8 CMakeFiles/Auto_Hydroponics.dir/home/Programming/pico/pico-sdk/src/rp2_common/hardware_timer/timer.c.obj
                0x0000000010001c68                hardware_alarm_set_target
 .text.hardware_alarm_cancel
                0x0000000010001d50       0x40 CMakeFiles/Auto_Hydroponics.dir/home/Programming/pico/pico-sdk/src/rp2_common/hardware_timer/timer.c.obj
                0x0000000010001d50                hardware_alarm_cancel
 .text.ph_add_child_node
                0x0000000010001d90       0xa4 CMakeFiles/Auto_Hydroponics.dir/home/Programming/pico/pico-sdk/src/common/pico_util/pheap.c.obj
 .text.ph_merge_nodes
                0x0000000010001e34       0x3e CMakeFiles/Auto_Hydroponics.dir/home/Programming/pico/pico-sdk/src/common/pico_util/pheap.c.obj
 *fill*         0x0000000010001e72        0x2 
 .text.ph_clear
                0x0000000010001e74       0x70 CMakeFiles/Auto_Hydroponics.dir/home/Programming/pico/pico-sdk/src/common/pico_util/pheap.c.obj
                0x0000000010001e74                ph_clear
 .text.ph_post_alloc_init
                0x0000000010001ee4        0xe CMakeFiles/Auto_Hydroponics.dir/home/Programming/pico/pico-sdk/src/common/pico_util/pheap.c.obj
                0x0000000010001ee4                ph_post_alloc_init
 *fill*         0x0000000010001ef2        0x2 
 .text.ph_merge_two_pass
                0x0000000010001ef4       0xa8 CMakeFiles/Auto_Hydroponics.dir/home/Programming/pico/pico-sdk/src/common/pico_util/pheap.c.obj
                0x0000000010001ef4                ph_merge_two_pass
 .text.ph_remove_any_head
                0x0000000010001f9c      0x128 CMakeFiles/Auto_Hydroponics.dir/home/Programming/pico/pico-sdk/src/common/pico_util/pheap.c.obj
 .text.ph_remove_head
                0x00000000100020c4       0x14 CMakeFiles/Auto_Hydroponics.dir/home/Programming/pico/pico-sdk/src/common/pico_util/pheap.c.obj
                0x00000000100020c4                ph_remove_head
 .text.ph_remove_and_free_node
                0x00000000100020d8       0xf8 CMakeFiles/Auto_Hydroponics.dir/home/Programming/pico/pico-sdk/src/common/pico_util/pheap.c.obj
                0x00000000100020d8                ph_remove_and_free_node
 .text.clock_configure
                0x00000000100021d0      0x104 CMakeFiles/Auto_Hydroponics.dir/home/Programming/pico/pico-sdk/src/rp2_common/hardware_clocks/clocks.c.obj
                0x00000000100021d0                clock_configure
 .text.clocks_init
                0x00000000100022d4      0x100 CMakeFiles/Auto_Hydroponics.dir/home/Programming/pico/pico-sdk/src/rp2_common/hardware_clocks/clocks.c.obj
                0x00000000100022d4                clocks_init
 .text.clock_get_hz
                0x00000000100023d4        0xc CMakeFiles/Auto_Hydroponics.dir/home/Programming/pico/pico-sdk/src/rp2_common/hardware_clocks/clocks.c.obj
                0x00000000100023d4                clock_get_hz
 .text.pll_init
                0x00000000100023e0      0x12c CMakeFiles/Auto_Hydroponics.dir/home/Programming/pico/pico-sdk/src/rp2_common/hardware_pll/pll.c.obj
                0x00000000100023e0                pll_init
 .text.watchdog_start_tick
                0x000000001000250c       0x10 CMakeFiles/Auto_Hydroponics.dir/home/Programming/pico/pico-sdk/src/rp2_common/hardware_watchdog/watchdog.c.obj
                0x000000001000250c                watchdog_start_tick
 .text.watchdog_update
                0x000000001000251c       0x14 CMakeFiles/Auto_Hydroponics.dir/home/Programming/pico/pico-sdk/src/rp2_common/hardware_watchdog/watchdog.c.obj
                0x000000001000251c                watchdog_update
 .text._watchdog_enable
                0x0000000010002530       0x78 CMakeFiles/Auto_Hydroponics.dir/home/Programming/pico/pico-sdk/src/rp2_common/hardware_watchdog/watchdog.c.obj
                0x0000000010002530                _watchdog_enable
 .text.watchdog_reboot
                0x00000000100025a8       0x48 CMakeFiles/Auto_Hydroponics.dir/home/Programming/pico/pico-sdk/src/rp2_common/hardware_watchdog/watchdog.c.obj
                0x00000000100025a8                watchdog_reboot
 .text.xosc_init
                0x00000000100025f0       0x28 CMakeFiles/Auto_Hydroponics.dir/home/Programming/pico/pico-sdk/src/rp2_common/hardware_xosc/xosc.c.obj
                0x00000000100025f0                xosc_init
 .text._exit    0x0000000010002618        0x4 CMakeFiles/Auto_Hydroponics.dir/home/Programming/pico/pico-sdk/src/rp2_common/pico_runtime/runtime.c.obj
                0x0000000010002618                _exit
 .text._sbrk    0x000000001000261c       0x38 CMakeFiles/Auto_Hydroponics.dir/home/Programming/pico/pico-sdk/src/rp2_common/pico_runtime/runtime.c.obj
                0x000000001000261c                _sbrk
 .text.exit     0x0000000010002654        0x6 CMakeFiles/Auto_Hydroponics.dir/home/Programming/pico/pico-sdk/src/rp2_common/pico_runtime/runtime.c.obj
                0x0000000010002654                exit
 *fill*         0x000000001000265a        0x2 
 .text.__assert_func
                0x000000001000265c       0x3c CMakeFiles/Auto_Hydroponics.dir/home/Programming/pico/pico-sdk/src/rp2_common/pico_runtime/runtime.c.obj
                0x000000001000265c                __assert_func
 .text.runtime_init
                0x0000000010002698       0xf8 CMakeFiles/Auto_Hydroponics.dir/home/Programming/pico/pico-sdk/src/rp2_common/pico_runtime/runtime.c.obj
                0x0000000010002698                runtime_init
 .text.panic    0x0000000010002790       0x30 CMakeFiles/Auto_Hydroponics.dir/home/Programming/pico/pico-sdk/src/rp2_common/pico_runtime/runtime.c.obj
                0x0000000010002790                panic
 .text.panic_unsupported
                0x00000000100027c0        0xc CMakeFiles/Auto_Hydroponics.dir/home/Programming/pico/pico-sdk/src/rp2_common/pico_runtime/runtime.c.obj
                0x00000000100027c0                panic_unsupported
 .text._out_buffer
                0x00000000100027cc        0x8 CMakeFiles/Auto_Hydroponics.dir/home/Programming/pico/pico-sdk/src/rp2_common/pico_printf/printf.c.obj
 .text._out_null
                0x00000000100027d4        0x2 CMakeFiles/Auto_Hydroponics.dir/home/Programming/pico/pico-sdk/src/rp2_common/pico_printf/printf.c.obj
 .text._out_fct
                0x00000000100027d6        0xe CMakeFiles/Auto_Hydroponics.dir/home/Programming/pico/pico-sdk/src/rp2_common/pico_printf/printf.c.obj
 .text._atoi    0x00000000100027e4       0x24 CMakeFiles/Auto_Hydroponics.dir/home/Programming/pico/pico-sdk/src/rp2_common/pico_printf/printf.c.obj
 .text._out_rev
                0x0000000010002808       0xae CMakeFiles/Auto_Hydroponics.dir/home/Programming/pico/pico-sdk/src/rp2_common/pico_printf/printf.c.obj
 .text._ntoa_format
                0x00000000100028b6      0x112 CMakeFiles/Auto_Hydroponics.dir/home/Programming/pico/pico-sdk/src/rp2_common/pico_printf/printf.c.obj
 .text._ntoa_long
                0x00000000100029c8       0xbc CMakeFiles/Auto_Hydroponics.dir/home/Programming/pico/pico-sdk/src/rp2_common/pico_printf/printf.c.obj
 .text._ntoa_long_long
                0x0000000010002a84       0xe2 CMakeFiles/Auto_Hydroponics.dir/home/Programming/pico/pico-sdk/src/rp2_common/pico_printf/printf.c.obj
 *fill*         0x0000000010002b66        0x2 
 .text._etoa    0x0000000010002b68      0x414 CMakeFiles/Auto_Hydroponics.dir/home/Programming/pico/pico-sdk/src/rp2_common/pico_printf/printf.c.obj
 .text._ftoa    0x0000000010002f7c      0x354 CMakeFiles/Auto_Hydroponics.dir/home/Programming/pico/pico-sdk/src/rp2_common/pico_printf/printf.c.obj
 .text._vsnprintf
                0x00000000100032d0      0x624 CMakeFiles/Auto_Hydroponics.dir/home/Programming/pico/pico-sdk/src/rp2_common/pico_printf/printf.c.obj
 .text.__wrap_sprintf
                0x00000000100038f4       0x28 CMakeFiles/Auto_Hydroponics.dir/home/Programming/pico/pico-sdk/src/rp2_common/pico_printf/printf.c.obj
                0x00000000100038f4                __wrap_sprintf
 .text.vfctprintf
                0x000000001000391c       0x20 CMakeFiles/Auto_Hydroponics.dir/home/Programming/pico/pico-sdk/src/rp2_common/pico_printf/printf.c.obj
                0x000000001000391c                vfctprintf
 .text          0x000000001000393c       0x10 CMakeFiles/Auto_Hydroponics.dir/home/Programming/pico/pico-sdk/src/rp2_common/pico_bit_ops/bit_ops_aeabi.S.obj
 .text.ctzsi    0x000000001000394c        0xc CMakeFiles/Auto_Hydroponics.dir/home/Programming/pico/pico-sdk/src/rp2_common/pico_bit_ops/bit_ops_aeabi.S.obj
                0x000000001000394c                __wrap___ctzsi2
 .text.rom_func_lookup
                0x0000000010003958       0x10 CMakeFiles/Auto_Hydroponics.dir/home/Programming/pico/pico-sdk/src/rp2_common/pico_bootrom/bootrom.c.obj
                0x0000000010003958                rom_func_lookup
 .text.rom_data_lookup
                0x0000000010003968       0x10 CMakeFiles/Auto_Hydroponics.dir/home/Programming/pico/pico-sdk/src/rp2_common/pico_bootrom/bootrom.c.obj
                0x0000000010003968                rom_data_lookup
 .text.rom_funcs_lookup
                0x0000000010003978       0x36 CMakeFiles/Auto_Hydroponics.dir/home/Programming/pico/pico-sdk/src/rp2_common/pico_bootrom/bootrom.c.obj
                0x0000000010003978                rom_funcs_lookup
 *fill*         0x00000000100039ae        0x2 
 .text.__wrap___aeabi_idiv
                0x00000000100039b0       0x50 CMakeFiles/Auto_Hydroponics.dir/home/Programming/pico/pico-sdk/src/rp2_common/pico_divider/divider.S.obj
                0x00000000100039b0                __wrap___aeabi_idivmod
                0x00000000100039b0                divmod_s32s32
                0x00000000100039b0                div_s32s32
                0x00000000100039b0                __wrap___aeabi_idiv
                0x00000000100039b8                divmod_s32s32_unsafe
                0x00000000100039e4                divmod_s32s32_savestate
 .text.__wrap___aeabi_uidiv
                0x0000000010003a00       0x4c CMakeFiles/Auto_Hydroponics.dir/home/Programming/pico/pico-sdk/src/rp2_common/pico_divider/divider.S.obj
                0x0000000010003a00                __wrap___aeabi_uidiv
                0x0000000010003a00                __wrap___aeabi_uidivmod
                0x0000000010003a00                div_u32u32
                0x0000000010003a00                divmod_u32u32
                0x0000000010003a08                divmod_u32u32_unsafe
                0x0000000010003a30                divmod_u32u32_savestate
 .text.__wrap___aeabi_ldiv
                0x0000000010003a4c      0x424 CMakeFiles/Auto_Hydroponics.dir/home/Programming/pico/pico-sdk/src/rp2_common/pico_divider/divider.S.obj
                0x0000000010003a4c                div_s64s64
                0x0000000010003a4c                divmod_s64s64
                0x0000000010003a4c                __wrap___aeabi_ldivmod
                0x0000000010003a7c                div_u64u64
                0x0000000010003a7c                divmod_u64u64
                0x0000000010003a7c                __wrap___aeabi_uldivmod
                0x0000000010003a8c                divmod_u64u64_savestate
                0x0000000010003aac                divmod_s64s64_unsafe
                0x0000000010003b34                divmod_u64u64_unsafe
 .text.__wrap___aeabi_darithmetic
                0x0000000010003e70       0x60 CMakeFiles/Auto_Hydroponics.dir/home/Programming/pico/pico-sdk/src/rp2_common/pico_double/double_aeabi.S.obj
                0x0000000010003e70                __wrap___aeabi_drsub
                0x0000000010003e76                __wrap___aeabi_dsub
                0x0000000010003e80                __wrap___aeabi_dadd
                0x0000000010003e8a                __wrap___aeabi_ddiv
                0x0000000010003ebe                __wrap___aeabi_dmul
 .text.__wrap___aeabi_cdcmple
                0x0000000010003ed0       0x6c CMakeFiles/Auto_Hydroponics.dir/home/Programming/pico/pico-sdk/src/rp2_common/pico_double/double_aeabi.S.obj
                0x0000000010003ed0                __wrap___aeabi_cdrcmple
                0x0000000010003ee0                __wrap___aeabi_cdcmple
                0x0000000010003ee0                __wrap___aeabi_cdcmpeq
 .text.__wrap___aeabi_dcmpeq
                0x0000000010003f3c       0x10 CMakeFiles/Auto_Hydroponics.dir/home/Programming/pico/pico-sdk/src/rp2_common/pico_double/double_aeabi.S.obj
                0x0000000010003f3c                __wrap___aeabi_dcmpeq
 .text.__wrap___aeabi_dcmplt
                0x0000000010003f4c        0xc CMakeFiles/Auto_Hydroponics.dir/home/Programming/pico/pico-sdk/src/rp2_common/pico_double/double_aeabi.S.obj
                0x0000000010003f4c                __wrap___aeabi_dcmplt
 .text.__wrap___aeabi_dcmple
                0x0000000010003f58       0x10 CMakeFiles/Auto_Hydroponics.dir/home/Programming/pico/pico-sdk/src/rp2_common/pico_double/double_aeabi.S.obj
                0x0000000010003f58                __wrap___aeabi_dcmple
 .text.__wrap___aeabi_dcmpge
                0x0000000010003f68       0x10 CMakeFiles/Auto_Hydroponics.dir/home/Programming/pico/pico-sdk/src/rp2_common/pico_double/double_aeabi.S.obj
                0x0000000010003f68                __wrap___aeabi_dcmpge
 .text.__wrap___aeabi_dcmpgt
                0x0000000010003f78        0xa CMakeFiles/Auto_Hydroponics.dir/home/Programming/pico/pico-sdk/src/rp2_common/pico_double/double_aeabi.S.obj
                0x0000000010003f78                __wrap___aeabi_dcmpgt
 .text.__wrap___aeabi_dcmpun
                0x0000000010003f82       0x1c CMakeFiles/Auto_Hydroponics.dir/home/Programming/pico/pico-sdk/src/rp2_common/pico_double/double_aeabi.S.obj
                0x0000000010003f82                __wrap___aeabi_dcmpun
 *fill*         0x0000000010003f9e        0x2 
 .text.__wrap___aeabi_i2d
                0x0000000010003fa0       0x38 CMakeFiles/Auto_Hydroponics.dir/home/Programming/pico/pico-sdk/src/rp2_common/pico_double/double_aeabi.S.obj
                0x0000000010003fa0                __wrap___aeabi_ui2d
                0x0000000010003fa8                __wrap___aeabi_i2d
 .text.__wrap___aeabi_d2iz
                0x0000000010003fd8       0x48 CMakeFiles/Auto_Hydroponics.dir/home/Programming/pico/pico-sdk/src/rp2_common/pico_double/double_aeabi.S.obj
                0x0000000010003fd8                __wrap___aeabi_d2iz
                0x0000000010003fd8                double2int_z
 .text.__wrap___aeabi_d2uiz
                0x0000000010004020       0x10 CMakeFiles/Auto_Hydroponics.dir/home/Programming/pico/pico-sdk/src/rp2_common/pico_double/double_aeabi.S.obj
                0x0000000010004020                double2uint
                0x0000000010004020                __wrap___aeabi_d2uiz
 .text.__wrap___aeabi_l2d
                0x0000000010004030       0x10 CMakeFiles/Auto_Hydroponics.dir/home/Programming/pico/pico-sdk/src/rp2_common/pico_double/double_aeabi.S.obj
                0x0000000010004030                __wrap___aeabi_l2d
 .text.__wrap___aeabi_d2lz
                0x0000000010004040       0x26 CMakeFiles/Auto_Hydroponics.dir/home/Programming/pico/pico-sdk/src/rp2_common/pico_double/double_aeabi.S.obj
                0x0000000010004040                __wrap___aeabi_d2lz
                0x0000000010004040                double2int64_z
 *fill*         0x0000000010004066        0x2 
 .text.double2int64
                0x0000000010004068       0x10 CMakeFiles/Auto_Hydroponics.dir/home/Programming/pico/pico-sdk/src/rp2_common/pico_double/double_aeabi.S.obj
                0x0000000010004068                double2int64
 .text.double2ufix64
                0x0000000010004078       0x10 CMakeFiles/Auto_Hydroponics.dir/home/Programming/pico/pico-sdk/src/rp2_common/pico_double/double_aeabi.S.obj
                0x0000000010004078                double2ufix64
 .text.__wrap___aeabi_d2f
                0x0000000010004088       0x10 CMakeFiles/Auto_Hydroponics.dir/home/Programming/pico/pico-sdk/src/rp2_common/pico_double/double_aeabi.S.obj
                0x0000000010004088                __wrap___aeabi_d2f
 .text.missing_double_func_shim
                0x0000000010004098        0xc CMakeFiles/Auto_Hydroponics.dir/home/Programming/pico/pico-sdk/src/rp2_common/pico_double/double_init_rom.c.obj
 .text.__aeabi_double_init
                0x00000000100040a4       0xcc CMakeFiles/Auto_Hydroponics.dir/home/Programming/pico/pico-sdk/src/rp2_common/pico_double/double_init_rom.c.obj
                0x00000000100040a4                __aeabi_double_init
 .text.double_table_shim_on_use_helper
                0x0000000010004170       0x34 CMakeFiles/Auto_Hydroponics.dir/home/Programming/pico/pico-sdk/src/rp2_common/pico_double/double_v1_rom_shim.S.obj
                0x0000000010004170                double_table_shim_on_use_helper
 .text.__aeabi_lmul
                0x00000000100041a4       0x32 CMakeFiles/Auto_Hydroponics.dir/home/Programming/pico/pico-sdk/src/rp2_common/pico_int64_ops/pico_int64_ops_aeabi.S.obj
                0x00000000100041a4                __wrap___aeabi_lmul
 *fill*         0x00000000100041d6        0x2 
 .text.__wrap___aeabi_cfcmple
                0x00000000100041d8       0x50 CMakeFiles/Auto_Hydroponics.dir/home/Programming/pico/pico-sdk/src/rp2_common/pico_float/float_aeabi.S.obj
                0x00000000100041d8                __wrap___aeabi_cfrcmple
                0x00000000100041e4                __wrap___aeabi_cfcmpeq
                0x00000000100041e4                __wrap___aeabi_cfcmple
 .text.__wrap___aeabi_fcmple
                0x0000000010004228       0x10 CMakeFiles/Auto_Hydroponics.dir/home/Programming/pico/pico-sdk/src/rp2_common/pico_float/float_aeabi.S.obj
                0x0000000010004228                __wrap___aeabi_fcmple
 .text.__wrap___aeabi_fcmpun
                0x0000000010004238       0x18 CMakeFiles/Auto_Hydroponics.dir/home/Programming/pico/pico-sdk/src/rp2_common/pico_float/float_aeabi.S.obj
                0x0000000010004238                __wrap___aeabi_fcmpun
 .text.missing_float_func_shim
                0x0000000010004250        0xc CMakeFiles/Auto_Hydroponics.dir/home/Programming/pico/pico-sdk/src/rp2_common/pico_float/float_init_rom.c.obj
 .text.__aeabi_float_init
                0x000000001000425c       0x88 CMakeFiles/Auto_Hydroponics.dir/home/Programming/pico/pico-sdk/src/rp2_common/pico_float/float_init_rom.c.obj
                0x000000001000425c                __aeabi_float_init
 .text          0x00000000100042e4       0x10 CMakeFiles/Auto_Hydroponics.dir/home/Programming/pico/pico-sdk/src/rp2_common/pico_mem_ops/mem_ops_aeabi.S.obj
                0x00000000100042e4                __aeabi_mem_init
 .text.memset   0x00000000100042f4        0xc CMakeFiles/Auto_Hydroponics.dir/home/Programming/pico/pico-sdk/src/rp2_common/pico_mem_ops/mem_ops_aeabi.S.obj
                0x00000000100042f4                __wrap_memset
 .text.memcpy   0x0000000010004300        0xc CMakeFiles/Auto_Hydroponics.dir/home/Programming/pico/pico-sdk/src/rp2_common/pico_mem_ops/mem_ops_aeabi.S.obj
                0x0000000010004300                __wrap___aeabi_memcpy
                0x0000000010004300                __wrap_memcpy
 .text.stdio_out_chars_no_crlf
                0x000000001000430c        0xe CMakeFiles/Auto_Hydroponics.dir/home/Programming/pico/pico-sdk/src/rp2_common/pico_stdio/stdio.c.obj
 *fill*         0x000000001000431a        0x2 
 .text.stdio_out_chars_crlf
                0x000000001000431c       0x80 CMakeFiles/Auto_Hydroponics.dir/home/Programming/pico/pico-sdk/src/rp2_common/pico_stdio/stdio.c.obj
 .text.stdio_stack_buffer_flush
                0x000000001000439c       0x44 CMakeFiles/Auto_Hydroponics.dir/home/Programming/pico/pico-sdk/src/rp2_common/pico_stdio/stdio.c.obj
 .text.stdio_buffered_printer
                0x00000000100043e0       0x20 CMakeFiles/Auto_Hydroponics.dir/home/Programming/pico/pico-sdk/src/rp2_common/pico_stdio/stdio.c.obj
 .text.stdio_get_until
                0x0000000010004400       0x80 CMakeFiles/Auto_Hydroponics.dir/home/Programming/pico/pico-sdk/src/rp2_common/pico_stdio/stdio.c.obj
 .text.stdout_serialize_begin
                0x0000000010004480       0x5c CMakeFiles/Auto_Hydroponics.dir/home/Programming/pico/pico-sdk/src/rp2_common/pico_stdio/stdio.c.obj
                0x0000000010004480                stdout_serialize_begin
 .text.stdout_serialize_end
                0x00000000100044dc       0x10 CMakeFiles/Auto_Hydroponics.dir/home/Programming/pico/pico-sdk/src/rp2_common/pico_stdio/stdio.c.obj
                0x00000000100044dc                stdout_serialize_end
 .text.stdio_put_string
                0x00000000100044ec       0x98 CMakeFiles/Auto_Hydroponics.dir/home/Programming/pico/pico-sdk/src/rp2_common/pico_stdio/stdio.c.obj
 .text._read    0x0000000010004584       0x24 CMakeFiles/Auto_Hydroponics.dir/home/Programming/pico/pico-sdk/src/rp2_common/pico_stdio/stdio.c.obj
                0x0000000010004584                _read
 .text._write   0x00000000100045a8       0x22 CMakeFiles/Auto_Hydroponics.dir/home/Programming/pico/pico-sdk/src/rp2_common/pico_stdio/stdio.c.obj
                0x00000000100045a8                _write
 .text._close   0x00000000100045ca        0x6 CMakeFiles/Auto_Hydroponics.dir/home/Programming/pico/pico-sdk/src/rp2_common/pico_stdio/stdio.c.obj
                0x00000000100045ca                _close
 .text._lseek   0x00000000100045d0        0x6 CMakeFiles/Auto_Hydroponics.dir/home/Programming/pico/pico-sdk/src/rp2_common/pico_stdio/stdio.c.obj
                0x00000000100045d0                _lseek
 .text._fstat   0x00000000100045d6        0x6 CMakeFiles/Auto_Hydroponics.dir/home/Programming/pico/pico-sdk/src/rp2_common/pico_stdio/stdio.c.obj
                0x00000000100045d6                _fstat
 .text._isatty  0x00000000100045dc        0xc CMakeFiles/Auto_Hydroponics.dir/home/Programming/pico/pico-sdk/src/rp2_common/pico_stdio/stdio.c.obj
                0x00000000100045dc                _isatty
 .text.stdio_set_driver_enabled
                0x00000000100045e8       0x2c CMakeFiles/Auto_Hydroponics.dir/home/Programming/pico/pico-sdk/src/rp2_common/pico_stdio/stdio.c.obj
                0x00000000100045e8                stdio_set_driver_enabled
 .text.stdio_flush
                0x0000000010004614       0x20 CMakeFiles/Auto_Hydroponics.dir/home/Programming/pico/pico-sdk/src/rp2_common/pico_stdio/stdio.c.obj
                0x0000000010004614                stdio_flush
 .text.__wrap_puts
                0x0000000010004634       0x1e CMakeFiles/Auto_Hydroponics.dir/home/Programming/pico/pico-sdk/src/rp2_common/pico_stdio/stdio.c.obj
                0x0000000010004634                __wrap_puts
 *fill*         0x0000000010004652        0x2 
 .text.__wrap_vprintf
                0x0000000010004654       0x40 CMakeFiles/Auto_Hydroponics.dir/home/Programming/pico/pico-sdk/src/rp2_common/pico_stdio/stdio.c.obj
                0x0000000010004654                __wrap_vprintf
 .text.__wrap_printf
                0x0000000010004694       0x18 CMakeFiles/Auto_Hydroponics.dir/home/Programming/pico/pico-sdk/src/rp2_common/pico_stdio/stdio.c.obj
                0x0000000010004694                __wrap_printf
 .text.stdio_init_all
                0x00000000100046ac        0x8 CMakeFiles/Auto_Hydroponics.dir/home/Programming/pico/pico-sdk/src/rp2_common/pico_stdio/stdio.c.obj
                0x00000000100046ac                stdio_init_all
 .text.resetd_init
                0x00000000100046b4        0x2 CMakeFiles/Auto_Hydroponics.dir/home/Programming/pico/pico-sdk/src/rp2_common/pico_stdio_usb/reset_interface.c.obj
 *fill*         0x00000000100046b6        0x2 
 .text.resetd_reset
                0x00000000100046b8        0xc CMakeFiles/Auto_Hydroponics.dir/home/Programming/pico/pico-sdk/src/rp2_common/pico_stdio_usb/reset_interface.c.obj
 .text.resetd_open
                0x00000000100046c4       0x34 CMakeFiles/Auto_Hydroponics.dir/home/Programming/pico/pico-sdk/src/rp2_common/pico_stdio_usb/reset_interface.c.obj
 .text.resetd_xfer_cb
                0x00000000100046f8        0x4 CMakeFiles/Auto_Hydroponics.dir/home/Programming/pico/pico-sdk/src/rp2_common/pico_stdio_usb/reset_interface.c.obj
 .text.reset_usb_boot
                0x00000000100046fc       0x18 CMakeFiles/Auto_Hydroponics.dir/home/Programming/pico/pico-sdk/src/rp2_common/pico_stdio_usb/reset_interface.c.obj
 .text.resetd_control_xfer_cb
                0x0000000010004714       0x5c CMakeFiles/Auto_Hydroponics.dir/home/Programming/pico/pico-sdk/src/rp2_common/pico_stdio_usb/reset_interface.c.obj
 .text.usbd_app_driver_get_cb
                0x0000000010004770        0xc CMakeFiles/Auto_Hydroponics.dir/home/Programming/pico/pico-sdk/src/rp2_common/pico_stdio_usb/reset_interface.c.obj
                0x0000000010004770                usbd_app_driver_get_cb
 .text.tud_cdc_line_coding_cb
                0x000000001000477c       0x28 CMakeFiles/Auto_Hydroponics.dir/home/Programming/pico/pico-sdk/src/rp2_common/pico_stdio_usb/reset_interface.c.obj
                0x000000001000477c                tud_cdc_line_coding_cb
 .text.stdio_usb_set_chars_available_callback
                0x00000000100047a4       0x14 CMakeFiles/Auto_Hydroponics.dir/home/Programming/pico/pico-sdk/src/rp2_common/pico_stdio_usb/stdio_usb.c.obj
                0x00000000100047a4                stdio_usb_set_chars_available_callback
 .text.usb_irq  0x00000000100047b8       0x10 CMakeFiles/Auto_Hydroponics.dir/home/Programming/pico/pico-sdk/src/rp2_common/pico_stdio_usb/stdio_usb.c.obj
 .text.timer_task
                0x00000000100047c8       0x58 CMakeFiles/Auto_Hydroponics.dir/home/Programming/pico/pico-sdk/src/rp2_common/pico_stdio_usb/stdio_usb.c.obj
 .text.low_priority_worker_irq
                0x0000000010004820       0xd8 CMakeFiles/Auto_Hydroponics.dir/home/Programming/pico/pico-sdk/src/rp2_common/pico_stdio_usb/stdio_usb.c.obj
 .text.tud_cdc_rx_cb
                0x00000000100048f8       0x20 CMakeFiles/Auto_Hydroponics.dir/home/Programming/pico/pico-sdk/src/rp2_common/pico_stdio_usb/stdio_usb.c.obj
                0x00000000100048f8                tud_cdc_rx_cb
 .text.stdio_usb_init
                0x0000000010004918      0x12c CMakeFiles/Auto_Hydroponics.dir/home/Programming/pico/pico-sdk/src/rp2_common/pico_stdio_usb/stdio_usb.c.obj
                0x0000000010004918                stdio_usb_init
 .text.stdio_usb_connected
                0x0000000010004a44        0xa CMakeFiles/Auto_Hydroponics.dir/home/Programming/pico/pico-sdk/src/rp2_common/pico_stdio_usb/stdio_usb.c.obj
                0x0000000010004a44                stdio_usb_connected
 *fill*         0x0000000010004a4e        0x2 
 .text.stdio_usb_in_chars
                0x0000000010004a50       0xc4 CMakeFiles/Auto_Hydroponics.dir/home/Programming/pico/pico-sdk/src/rp2_common/pico_stdio_usb/stdio_usb.c.obj
                0x0000000010004a50                stdio_usb_in_chars
 .text.stdio_usb_out_chars
                0x0000000010004b14      0x114 CMakeFiles/Auto_Hydroponics.dir/home/Programming/pico/pico-sdk/src/rp2_common/pico_stdio_usb/stdio_usb.c.obj
 .text.tud_descriptor_device_cb
                0x0000000010004c28        0x8 CMakeFiles/Auto_Hydroponics.dir/home/Programming/pico/pico-sdk/src/rp2_common/pico_stdio_usb/stdio_usb_descriptors.c.obj
                0x0000000010004c28                tud_descriptor_device_cb
 .text.tud_descriptor_configuration_cb
                0x0000000010004c30        0x8 CMakeFiles/Auto_Hydroponics.dir/home/Programming/pico/pico-sdk/src/rp2_common/pico_stdio_usb/stdio_usb_descriptors.c.obj
                0x0000000010004c30                tud_descriptor_configuration_cb
 .text.tud_descriptor_string_cb
                0x0000000010004c38       0x6c CMakeFiles/Auto_Hydroponics.dir/home/Programming/pico/pico-sdk/src/rp2_common/pico_stdio_usb/stdio_usb_descriptors.c.obj
                0x0000000010004c38                tud_descriptor_string_cb
 .text._retrieve_unique_id_on_boot
                0x0000000010004ca4       0x10 CMakeFiles/Auto_Hydroponics.dir/home/Programming/pico/pico-sdk/src/rp2_common/pico_unique_id/unique_id.c.obj
 .text.pico_get_unique_board_id
                0x0000000010004cb4       0x10 CMakeFiles/Auto_Hydroponics.dir/home/Programming/pico/pico-sdk/src/rp2_common/pico_unique_id/unique_id.c.obj
                0x0000000010004cb4                pico_get_unique_board_id
 .text.pico_get_unique_board_id_string
                0x0000000010004cc4       0x60 CMakeFiles/Auto_Hydroponics.dir/home/Programming/pico/pico-sdk/src/rp2_common/pico_unique_id/unique_id.c.obj
                0x0000000010004cc4                pico_get_unique_board_id_string
 .text.flash_get_unique_id
                0x0000000010004d24       0x46 CMakeFiles/Auto_Hydroponics.dir/home/Programming/pico/pico-sdk/src/rp2_common/hardware_flash/flash.c.obj
                0x0000000010004d24                flash_get_unique_id
 *fill*         0x0000000010004d6a        0x2 
 .text.hw_endpoint_get_by_addr
                0x0000000010004d6c       0x18 CMakeFiles/Auto_Hydroponics.dir/home/Programming/pico/pico-sdk/lib/tinyusb/src/portable/raspberrypi/rp2040/dcd_rp2040.c.obj
 .text._hw_endpoint_alloc
                0x0000000010004d84       0x70 CMakeFiles/Auto_Hydroponics.dir/home/Programming/pico/pico-sdk/lib/tinyusb/src/portable/raspberrypi/rp2040/dcd_rp2040.c.obj
 .text.hw_endpoint_init
                0x0000000010004df4       0x88 CMakeFiles/Auto_Hydroponics.dir/home/Programming/pico/pico-sdk/lib/tinyusb/src/portable/raspberrypi/rp2040/dcd_rp2040.c.obj
 .text.hw_endpoint_xfer
                0x0000000010004e7c       0x14 CMakeFiles/Auto_Hydroponics.dir/home/Programming/pico/pico-sdk/lib/tinyusb/src/portable/raspberrypi/rp2040/dcd_rp2040.c.obj
 .text.dcd_int_enable
                0x0000000010004e90       0x2c CMakeFiles/Auto_Hydroponics.dir/home/Programming/pico/pico-sdk/lib/tinyusb/src/portable/raspberrypi/rp2040/dcd_rp2040.c.obj
                0x0000000010004e90                dcd_int_enable
 .text.dcd_set_address
                0x0000000010004ebc       0x2c CMakeFiles/Auto_Hydroponics.dir/home/Programming/pico/pico-sdk/lib/tinyusb/src/portable/raspberrypi/rp2040/dcd_rp2040.c.obj
                0x0000000010004ebc                dcd_set_address
 .text.dcd_connect
                0x0000000010004ee8       0x10 CMakeFiles/Auto_Hydroponics.dir/home/Programming/pico/pico-sdk/lib/tinyusb/src/portable/raspberrypi/rp2040/dcd_rp2040.c.obj
                0x0000000010004ee8                dcd_connect
 .text.dcd_init
                0x0000000010004ef8       0x80 CMakeFiles/Auto_Hydroponics.dir/home/Programming/pico/pico-sdk/lib/tinyusb/src/portable/raspberrypi/rp2040/dcd_rp2040.c.obj
                0x0000000010004ef8                dcd_init
 .text.dcd_edpt0_status_complete
                0x0000000010004f78       0x1c CMakeFiles/Auto_Hydroponics.dir/home/Programming/pico/pico-sdk/lib/tinyusb/src/portable/raspberrypi/rp2040/dcd_rp2040.c.obj
                0x0000000010004f78                dcd_edpt0_status_complete
 .text.dcd_edpt_open
                0x0000000010004f94       0x40 CMakeFiles/Auto_Hydroponics.dir/home/Programming/pico/pico-sdk/lib/tinyusb/src/portable/raspberrypi/rp2040/dcd_rp2040.c.obj
                0x0000000010004f94                dcd_edpt_open
 .text.dcd_edpt_close_all
                0x0000000010004fd4        0x8 CMakeFiles/Auto_Hydroponics.dir/home/Programming/pico/pico-sdk/lib/tinyusb/src/portable/raspberrypi/rp2040/dcd_rp2040.c.obj
                0x0000000010004fd4                dcd_edpt_close_all
 .text.dcd_edpt_xfer
                0x0000000010004fdc       0x34 CMakeFiles/Auto_Hydroponics.dir/home/Programming/pico/pico-sdk/lib/tinyusb/src/portable/raspberrypi/rp2040/dcd_rp2040.c.obj
                0x0000000010004fdc                dcd_edpt_xfer
 .text.dcd_edpt_stall
                0x0000000010005010       0x2c CMakeFiles/Auto_Hydroponics.dir/home/Programming/pico/pico-sdk/lib/tinyusb/src/portable/raspberrypi/rp2040/dcd_rp2040.c.obj
                0x0000000010005010                dcd_edpt_stall
 .text.dcd_edpt_clear_stall
                0x000000001000503c       0x20 CMakeFiles/Auto_Hydroponics.dir/home/Programming/pico/pico-sdk/lib/tinyusb/src/portable/raspberrypi/rp2040/dcd_rp2040.c.obj
                0x000000001000503c                dcd_edpt_clear_stall
 .text.rp2040_usb_init
                0x000000001000505c       0x4c CMakeFiles/Auto_Hydroponics.dir/home/Programming/pico/pico-sdk/lib/tinyusb/src/portable/raspberrypi/rp2040/rp2040_usb.c.obj
                0x000000001000505c                rp2040_usb_init
 .text.hw_endpoint_xfer_start
                0x00000000100050a8       0x50 CMakeFiles/Auto_Hydroponics.dir/home/Programming/pico/pico-sdk/lib/tinyusb/src/portable/raspberrypi/rp2040/rp2040_usb.c.obj
                0x00000000100050a8                hw_endpoint_xfer_start
 .text.configuration_reset
                0x00000000100050f8       0x84 CMakeFiles/Auto_Hydroponics.dir/home/Programming/pico/pico-sdk/lib/tinyusb/src/device/usbd.c.obj
 .text.usbd_reset
                0x000000001000517c        0xc CMakeFiles/Auto_Hydroponics.dir/home/Programming/pico/pico-sdk/lib/tinyusb/src/device/usbd.c.obj
 .text.invoke_class_control
                0x0000000010005188       0x1a CMakeFiles/Auto_Hydroponics.dir/home/Programming/pico/pico-sdk/lib/tinyusb/src/device/usbd.c.obj
 *fill*         0x00000000100051a2        0x2 
 .text.process_set_config
                0x00000000100051a4      0x178 CMakeFiles/Auto_Hydroponics.dir/home/Programming/pico/pico-sdk/lib/tinyusb/src/device/usbd.c.obj
 .text.process_get_descriptor
                0x000000001000531c       0xdc CMakeFiles/Auto_Hydroponics.dir/home/Programming/pico/pico-sdk/lib/tinyusb/src/device/usbd.c.obj
 .text.tud_mounted
                0x00000000100053f8       0x10 CMakeFiles/Auto_Hydroponics.dir/home/Programming/pico/pico-sdk/lib/tinyusb/src/device/usbd.c.obj
                0x00000000100053f8                tud_mounted
 .text.tud_suspended
                0x0000000010005408       0x10 CMakeFiles/Auto_Hydroponics.dir/home/Programming/pico/pico-sdk/lib/tinyusb/src/device/usbd.c.obj
                0x0000000010005408                tud_suspended
 .text.tud_inited
                0x0000000010005418       0x14 CMakeFiles/Auto_Hydroponics.dir/home/Programming/pico/pico-sdk/lib/tinyusb/src/device/usbd.c.obj
                0x0000000010005418                tud_inited
 .text.tud_init
                0x000000001000542c       0xcc CMakeFiles/Auto_Hydroponics.dir/home/Programming/pico/pico-sdk/lib/tinyusb/src/device/usbd.c.obj
                0x000000001000542c                tud_init
 .text.usbd_defer_func
                0x00000000100054f8       0x2a CMakeFiles/Auto_Hydroponics.dir/home/Programming/pico/pico-sdk/lib/tinyusb/src/device/usbd.c.obj
                0x00000000100054f8                usbd_defer_func
 *fill*         0x0000000010005522        0x2 
 .text.usbd_edpt_open
                0x0000000010005524       0x34 CMakeFiles/Auto_Hydroponics.dir/home/Programming/pico/pico-sdk/lib/tinyusb/src/device/usbd.c.obj
                0x0000000010005524                usbd_edpt_open
 .text.usbd_open_edpt_pair
                0x0000000010005558       0x62 CMakeFiles/Auto_Hydroponics.dir/home/Programming/pico/pico-sdk/lib/tinyusb/src/device/usbd.c.obj
                0x0000000010005558                usbd_open_edpt_pair
 *fill*         0x00000000100055ba        0x2 
 .text.usbd_edpt_claim
                0x00000000100055bc       0x28 CMakeFiles/Auto_Hydroponics.dir/home/Programming/pico/pico-sdk/lib/tinyusb/src/device/usbd.c.obj
                0x00000000100055bc                usbd_edpt_claim
 .text.usbd_edpt_release
                0x00000000100055e4       0x28 CMakeFiles/Auto_Hydroponics.dir/home/Programming/pico/pico-sdk/lib/tinyusb/src/device/usbd.c.obj
                0x00000000100055e4                usbd_edpt_release
 .text.usbd_edpt_xfer
                0x000000001000560c       0x78 CMakeFiles/Auto_Hydroponics.dir/home/Programming/pico/pico-sdk/lib/tinyusb/src/device/usbd.c.obj
                0x000000001000560c                usbd_edpt_xfer
 .text.usbd_edpt_stall
                0x0000000010005684       0x48 CMakeFiles/Auto_Hydroponics.dir/home/Programming/pico/pico-sdk/lib/tinyusb/src/device/usbd.c.obj
                0x0000000010005684                usbd_edpt_stall
 .text.usbd_edpt_clear_stall
                0x00000000100056cc       0x48 CMakeFiles/Auto_Hydroponics.dir/home/Programming/pico/pico-sdk/lib/tinyusb/src/device/usbd.c.obj
                0x00000000100056cc                usbd_edpt_clear_stall
 .text.usbd_edpt_stalled
                0x0000000010005714       0x1c CMakeFiles/Auto_Hydroponics.dir/home/Programming/pico/pico-sdk/lib/tinyusb/src/device/usbd.c.obj
                0x0000000010005714                usbd_edpt_stalled
 .text.process_control_request
                0x0000000010005730      0x37c CMakeFiles/Auto_Hydroponics.dir/home/Programming/pico/pico-sdk/lib/tinyusb/src/device/usbd.c.obj
 .text.tud_task_ext
                0x0000000010005aac      0x1b4 CMakeFiles/Auto_Hydroponics.dir/home/Programming/pico/pico-sdk/lib/tinyusb/src/device/usbd.c.obj
                0x0000000010005aac                tud_task_ext
 .text._data_stage_xact
                0x0000000010005c60       0x58 CMakeFiles/Auto_Hydroponics.dir/home/Programming/pico/pico-sdk/lib/tinyusb/src/device/usbd_control.c.obj
 .text.tud_control_status
                0x0000000010005cb8       0x38 CMakeFiles/Auto_Hydroponics.dir/home/Programming/pico/pico-sdk/lib/tinyusb/src/device/usbd_control.c.obj
                0x0000000010005cb8                tud_control_status
 .text.tud_control_xfer
                0x0000000010005cf0       0x74 CMakeFiles/Auto_Hydroponics.dir/home/Programming/pico/pico-sdk/lib/tinyusb/src/device/usbd_control.c.obj
                0x0000000010005cf0                tud_control_xfer
 .text.usbd_control_reset
                0x0000000010005d64       0x14 CMakeFiles/Auto_Hydroponics.dir/home/Programming/pico/pico-sdk/lib/tinyusb/src/device/usbd_control.c.obj
                0x0000000010005d64                usbd_control_reset
 .text.usbd_control_set_complete_callback
                0x0000000010005d78        0xc CMakeFiles/Auto_Hydroponics.dir/home/Programming/pico/pico-sdk/lib/tinyusb/src/device/usbd_control.c.obj
                0x0000000010005d78                usbd_control_set_complete_callback
 .text.usbd_control_set_request
                0x0000000010005d84       0x1c CMakeFiles/Auto_Hydroponics.dir/home/Programming/pico/pico-sdk/lib/tinyusb/src/device/usbd_control.c.obj
                0x0000000010005d84                usbd_control_set_request
 .text.usbd_control_xfer_cb
                0x0000000010005da0       0xcc CMakeFiles/Auto_Hydroponics.dir/home/Programming/pico/pico-sdk/lib/tinyusb/src/device/usbd_control.c.obj
                0x0000000010005da0                usbd_control_xfer_cb
 .text._prep_out_transaction
                0x0000000010005e6c       0x4a CMakeFiles/Auto_Hydroponics.dir/home/Programming/pico/pico-sdk/lib/tinyusb/src/class/cdc/cdc_device.c.obj
 *fill*         0x0000000010005eb6        0x2 
 .text.tud_cdc_n_connected
                0x0000000010005eb8       0x44 CMakeFiles/Auto_Hydroponics.dir/home/Programming/pico/pico-sdk/lib/tinyusb/src/class/cdc/cdc_device.c.obj
                0x0000000010005eb8                tud_cdc_n_connected
 .text.tud_cdc_n_available
                0x0000000010005efc       0x18 CMakeFiles/Auto_Hydroponics.dir/home/Programming/pico/pico-sdk/lib/tinyusb/src/class/cdc/cdc_device.c.obj
                0x0000000010005efc                tud_cdc_n_available
 .text.tud_cdc_n_read
                0x0000000010005f14       0x28 CMakeFiles/Auto_Hydroponics.dir/home/Programming/pico/pico-sdk/lib/tinyusb/src/class/cdc/cdc_device.c.obj
                0x0000000010005f14                tud_cdc_n_read
 .text.tud_cdc_n_write_flush
                0x0000000010005f3c       0xb8 CMakeFiles/Auto_Hydroponics.dir/home/Programming/pico/pico-sdk/lib/tinyusb/src/class/cdc/cdc_device.c.obj
                0x0000000010005f3c                tud_cdc_n_write_flush
 .text.tud_cdc_n_write
                0x0000000010005ff4       0x38 CMakeFiles/Auto_Hydroponics.dir/home/Programming/pico/pico-sdk/lib/tinyusb/src/class/cdc/cdc_device.c.obj
                0x0000000010005ff4                tud_cdc_n_write
 .text.tud_cdc_n_write_available
                0x000000001000602c       0x1c CMakeFiles/Auto_Hydroponics.dir/home/Programming/pico/pico-sdk/lib/tinyusb/src/class/cdc/cdc_device.c.obj
                0x000000001000602c                tud_cdc_n_write_available
 .text.cdcd_init
                0x0000000010006048       0xbc CMakeFiles/Auto_Hydroponics.dir/home/Programming/pico/pico-sdk/lib/tinyusb/src/class/cdc/cdc_device.c.obj
                0x0000000010006048                cdcd_init
 .text.cdcd_reset
                0x0000000010006104       0x44 CMakeFiles/Auto_Hydroponics.dir/home/Programming/pico/pico-sdk/lib/tinyusb/src/class/cdc/cdc_device.c.obj
                0x0000000010006104                cdcd_reset
 .text.cdcd_open
                0x0000000010006148       0xcc CMakeFiles/Auto_Hydroponics.dir/home/Programming/pico/pico-sdk/lib/tinyusb/src/class/cdc/cdc_device.c.obj
                0x0000000010006148                cdcd_open
 .text.cdcd_control_xfer_cb
                0x0000000010006214      0x134 CMakeFiles/Auto_Hydroponics.dir/home/Programming/pico/pico-sdk/lib/tinyusb/src/class/cdc/cdc_device.c.obj
                0x0000000010006214                cdcd_control_xfer_cb
 .text.cdcd_xfer_cb
                0x0000000010006348      0x130 CMakeFiles/Auto_Hydroponics.dir/home/Programming/pico/pico-sdk/lib/tinyusb/src/class/cdc/cdc_device.c.obj
                0x0000000010006348                cdcd_xfer_cb
 .text.tusb_init
                0x0000000010006478        0xa CMakeFiles/Auto_Hydroponics.dir/home/Programming/pico/pico-sdk/lib/tinyusb/src/tusb.c.obj
                0x0000000010006478                tusb_init
 .text.tusb_inited
                0x0000000010006482        0xe CMakeFiles/Auto_Hydroponics.dir/home/Programming/pico/pico-sdk/lib/tinyusb/src/tusb.c.obj
                0x0000000010006482                tusb_inited
 .text.tu_edpt_claim
                0x0000000010006490       0x50 CMakeFiles/Auto_Hydroponics.dir/home/Programming/pico/pico-sdk/lib/tinyusb/src/tusb.c.obj
                0x0000000010006490                tu_edpt_claim
 .text.tu_edpt_release
                0x00000000100064e0       0x3c CMakeFiles/Auto_Hydroponics.dir/home/Programming/pico/pico-sdk/lib/tinyusb/src/tusb.c.obj
                0x00000000100064e0                tu_edpt_release
 .text.tu_edpt_validate
                0x000000001000651c       0x78 CMakeFiles/Auto_Hydroponics.dir/home/Programming/pico/pico-sdk/lib/tinyusb/src/tusb.c.obj
                0x000000001000651c                tu_edpt_validate
 .text.tu_edpt_bind_driver
                0x0000000010006594       0x26 CMakeFiles/Auto_Hydroponics.dir/home/Programming/pico/pico-sdk/lib/tinyusb/src/tusb.c.obj
                0x0000000010006594                tu_edpt_bind_driver
 .text.advance_index
                0x00000000100065ba       0x1a CMakeFiles/Auto_Hydroponics.dir/home/Programming/pico/pico-sdk/lib/tinyusb/src/common/tusb_fifo.c.obj
 .text._tu_fifo_peek
                0x00000000100065d4       0x56 CMakeFiles/Auto_Hydroponics.dir/home/Programming/pico/pico-sdk/lib/tinyusb/src/common/tusb_fifo.c.obj
 .text._ff_pull_const_addr
                0x000000001000662a       0x4c CMakeFiles/Auto_Hydroponics.dir/home/Programming/pico/pico-sdk/lib/tinyusb/src/common/tusb_fifo.c.obj
 .text._ff_pull_n
                0x0000000010006676      0x110 CMakeFiles/Auto_Hydroponics.dir/home/Programming/pico/pico-sdk/lib/tinyusb/src/common/tusb_fifo.c.obj
 .text._tu_fifo_peek_n
                0x0000000010006786       0x6a CMakeFiles/Auto_Hydroponics.dir/home/Programming/pico/pico-sdk/lib/tinyusb/src/common/tusb_fifo.c.obj
 .text._tu_fifo_read_n
                0x00000000100067f0       0x4e CMakeFiles/Auto_Hydroponics.dir/home/Programming/pico/pico-sdk/lib/tinyusb/src/common/tusb_fifo.c.obj
 .text._ff_push_const_addr
                0x000000001000683e       0x40 CMakeFiles/Auto_Hydroponics.dir/home/Programming/pico/pico-sdk/lib/tinyusb/src/common/tusb_fifo.c.obj
 .text._ff_push_n
                0x000000001000687e      0x10c CMakeFiles/Auto_Hydroponics.dir/home/Programming/pico/pico-sdk/lib/tinyusb/src/common/tusb_fifo.c.obj
 .text._tu_fifo_write_n
                0x000000001000698a       0xf0 CMakeFiles/Auto_Hydroponics.dir/home/Programming/pico/pico-sdk/lib/tinyusb/src/common/tusb_fifo.c.obj
 .text.tu_fifo_config
                0x0000000010006a7a       0x7c CMakeFiles/Auto_Hydroponics.dir/home/Programming/pico/pico-sdk/lib/tinyusb/src/common/tusb_fifo.c.obj
                0x0000000010006a7a                tu_fifo_config
 .text.tu_fifo_count
                0x0000000010006af6       0x2a CMakeFiles/Auto_Hydroponics.dir/home/Programming/pico/pico-sdk/lib/tinyusb/src/common/tusb_fifo.c.obj
                0x0000000010006af6                tu_fifo_count
 .text.tu_fifo_empty
                0x0000000010006b20       0x10 CMakeFiles/Auto_Hydroponics.dir/home/Programming/pico/pico-sdk/lib/tinyusb/src/common/tusb_fifo.c.obj
                0x0000000010006b20                tu_fifo_empty
 .text.tu_fifo_full
                0x0000000010006b30       0x28 CMakeFiles/Auto_Hydroponics.dir/home/Programming/pico/pico-sdk/lib/tinyusb/src/common/tusb_fifo.c.obj
                0x0000000010006b30                tu_fifo_full
 .text.tu_fifo_remaining
                0x0000000010006b58       0x2c CMakeFiles/Auto_Hydroponics.dir/home/Programming/pico/pico-sdk/lib/tinyusb/src/common/tusb_fifo.c.obj
                0x0000000010006b58                tu_fifo_remaining
 .text.tu_fifo_read
                0x0000000010006b84       0x42 CMakeFiles/Auto_Hydroponics.dir/home/Programming/pico/pico-sdk/lib/tinyusb/src/common/tusb_fifo.c.obj
                0x0000000010006b84                tu_fifo_read
 .text.tu_fifo_read_n
                0x0000000010006bc6        0xa CMakeFiles/Auto_Hydroponics.dir/home/Programming/pico/pico-sdk/lib/tinyusb/src/common/tusb_fifo.c.obj
                0x0000000010006bc6                tu_fifo_read_n
 .text.tu_fifo_write
                0x0000000010006bd0       0x64 CMakeFiles/Auto_Hydroponics.dir/home/Programming/pico/pico-sdk/lib/tinyusb/src/common/tusb_fifo.c.obj
                0x0000000010006bd0                tu_fifo_write
 .text.tu_fifo_write_n
                0x0000000010006c34        0xa CMakeFiles/Auto_Hydroponics.dir/home/Programming/pico/pico-sdk/lib/tinyusb/src/common/tusb_fifo.c.obj
                0x0000000010006c34                tu_fifo_write_n
 .text.tu_fifo_clear
                0x0000000010006c3e       0x3e CMakeFiles/Auto_Hydroponics.dir/home/Programming/pico/pico-sdk/lib/tinyusb/src/common/tusb_fifo.c.obj
                0x0000000010006c3e                tu_fifo_clear
 .text.tu_fifo_set_overwritable
                0x0000000010006c7c       0x46 CMakeFiles/Auto_Hydroponics.dir/home/Programming/pico/pico-sdk/lib/tinyusb/src/common/tusb_fifo.c.obj
                0x0000000010006c7c                tu_fifo_set_overwritable
 .text.i2c_write_blocking_internal
                0x0000000010006cc2      0x140 CMakeFiles/Auto_Hydroponics.dir/home/Programming/pico/pico-sdk/src/rp2_common/hardware_i2c/i2c.c.obj
 .text.i2c_read_blocking_internal
                0x0000000010006e02       0xe6 CMakeFiles/Auto_Hydroponics.dir/home/Programming/pico/pico-sdk/src/rp2_common/hardware_i2c/i2c.c.obj
 .text.i2c_set_baudrate
                0x0000000010006ee8       0xf0 CMakeFiles/Auto_Hydroponics.dir/home/Programming/pico/pico-sdk/src/rp2_common/hardware_i2c/i2c.c.obj
                0x0000000010006ee8                i2c_set_baudrate
 .text.i2c_init
                0x0000000010006fd8       0x58 CMakeFiles/Auto_Hydroponics.dir/home/Programming/pico/pico-sdk/src/rp2_common/hardware_i2c/i2c.c.obj
                0x0000000010006fd8                i2c_init
 .text.i2c_write_blocking
                0x0000000010007030       0x18 CMakeFiles/Auto_Hydroponics.dir/home/Programming/pico/pico-sdk/src/rp2_common/hardware_i2c/i2c.c.obj
                0x0000000010007030                i2c_write_blocking
 .text.i2c_read_blocking
                0x0000000010007048       0x18 CMakeFiles/Auto_Hydroponics.dir/home/Programming/pico/pico-sdk/src/rp2_common/hardware_i2c/i2c.c.obj
                0x0000000010007048                i2c_read_blocking
 .text.lwip_timeout_reached
                0x0000000010007060       0x2c CMakeFiles/Auto_Hydroponics.dir/home/Programming/pico/pico-sdk/src/rp2_common/pico_lwip/lwip_nosys.c.obj
 .text.update_next_timeout
                0x000000001000708c       0xb0 CMakeFiles/Auto_Hydroponics.dir/home/Programming/pico/pico-sdk/src/rp2_common/pico_lwip/lwip_nosys.c.obj
 .text.lwip_nosys_init
                0x000000001000713c       0x34 CMakeFiles/Auto_Hydroponics.dir/home/Programming/pico/pico-sdk/src/rp2_common/pico_lwip/lwip_nosys.c.obj
                0x000000001000713c                lwip_nosys_init
 .text.lwip_nosys_deinit
                0x0000000010007170       0x20 CMakeFiles/Auto_Hydroponics.dir/home/Programming/pico/pico-sdk/src/rp2_common/pico_lwip/lwip_nosys.c.obj
                0x0000000010007170                lwip_nosys_deinit
 .text.sys_arch_protect
                0x0000000010007190        0x4 CMakeFiles/Auto_Hydroponics.dir/home/Programming/pico/pico-sdk/src/rp2_common/pico_lwip/lwip_nosys.c.obj
                0x0000000010007190                sys_arch_protect
 .text.sys_arch_unprotect
                0x0000000010007194        0x2 CMakeFiles/Auto_Hydroponics.dir/home/Programming/pico/pico-sdk/src/rp2_common/pico_lwip/lwip_nosys.c.obj
                0x0000000010007194                sys_arch_unprotect
 *fill*         0x0000000010007196        0x2 
 .text.sys_now  0x0000000010007198       0x3c CMakeFiles/Auto_Hydroponics.dir/home/Programming/pico/pico-sdk/src/rp2_common/pico_lwip/lwip_nosys.c.obj
                0x0000000010007198                sys_now
 .text.async_context_base_add_at_time_worker
                0x00000000100071d4       0x1c CMakeFiles/Auto_Hydroponics.dir/home/Programming/pico/pico-sdk/src/rp2_common/pico_async_context/async_context_base.c.obj
                0x00000000100071d4                async_context_base_add_at_time_worker
 .text.async_context_base_remove_at_time_worker
                0x00000000100071f0       0x1c CMakeFiles/Auto_Hydroponics.dir/home/Programming/pico/pico-sdk/src/rp2_common/pico_async_context/async_context_base.c.obj
                0x00000000100071f0                async_context_base_remove_at_time_worker
 .text.async_context_base_add_when_pending_worker
                0x000000001000720c       0x1c CMakeFiles/Auto_Hydroponics.dir/home/Programming/pico/pico-sdk/src/rp2_common/pico_async_context/async_context_base.c.obj
                0x000000001000720c                async_context_base_add_when_pending_worker
 .text.async_context_base_remove_when_pending_worker
                0x0000000010007228       0x1c CMakeFiles/Auto_Hydroponics.dir/home/Programming/pico/pico-sdk/src/rp2_common/pico_async_context/async_context_base.c.obj
                0x0000000010007228                async_context_base_remove_when_pending_worker
 .text.async_context_base_remove_ready_at_time_worker
                0x0000000010007244       0x94 CMakeFiles/Auto_Hydroponics.dir/home/Programming/pico/pico-sdk/src/rp2_common/pico_async_context/async_context_base.c.obj
                0x0000000010007244                async_context_base_remove_ready_at_time_worker
 .text.async_context_base_refresh_next_timeout
                0x00000000100072d8       0x4c CMakeFiles/Auto_Hydroponics.dir/home/Programming/pico/pico-sdk/src/rp2_common/pico_async_context/async_context_base.c.obj
                0x00000000100072d8                async_context_base_refresh_next_timeout
 .text.async_context_base_execute_once
                0x0000000010007324       0x48 CMakeFiles/Auto_Hydroponics.dir/home/Programming/pico/pico-sdk/src/rp2_common/pico_async_context/async_context_base.c.obj
                0x0000000010007324                async_context_base_execute_once
 .text.splitmix64
                0x000000001000736c       0x5c CMakeFiles/Auto_Hydroponics.dir/home/Programming/pico/pico-sdk/src/rp2_common/pico_rand/rand.c.obj
 .text.sdbm_hash64_sram
                0x00000000100073c8       0x64 CMakeFiles/Auto_Hydroponics.dir/home/Programming/pico/pico-sdk/src/rp2_common/pico_rand/rand.c.obj
 .text.xoroshiro128ss
                0x000000001000742c       0xb8 CMakeFiles/Auto_Hydroponics.dir/home/Programming/pico/pico-sdk/src/rp2_common/pico_rand/rand.c.obj
 .text.capture_additional_rosc_samples
                0x00000000100074e4      0x1a4 CMakeFiles/Auto_Hydroponics.dir/home/Programming/pico/pico-sdk/src/rp2_common/pico_rand/rand.c.obj
 .text.initialise_rand
                0x0000000010007688      0x118 CMakeFiles/Auto_Hydroponics.dir/home/Programming/pico/pico-sdk/src/rp2_common/pico_rand/rand.c.obj
 .text.get_rand_64
                0x00000000100077a0      0x11c CMakeFiles/Auto_Hydroponics.dir/home/Programming/pico/pico-sdk/src/rp2_common/pico_rand/rand.c.obj
                0x00000000100077a0                get_rand_64
 .text.get_rand_32
                0x00000000100078bc        0x8 CMakeFiles/Auto_Hydroponics.dir/home/Programming/pico/pico-sdk/src/rp2_common/pico_rand/rand.c.obj
                0x00000000100078bc                get_rand_32
 .text.lwip_init
                0x00000000100078c4       0x24 CMakeFiles/Auto_Hydroponics.dir/home/Programming/pico/pico-sdk/lib/lwip/src/core/init.c.obj
                0x00000000100078c4                lwip_init
 .text.lwip_htons
                0x00000000100078e8        0xa CMakeFiles/Auto_Hydroponics.dir/home/Programming/pico/pico-sdk/lib/lwip/src/core/def.c.obj
                0x00000000100078e8                lwip_htons
 .text.lwip_htonl
                0x00000000100078f2       0x1c CMakeFiles/Auto_Hydroponics.dir/home/Programming/pico/pico-sdk/lib/lwip/src/core/def.c.obj
                0x00000000100078f2                lwip_htonl
 *fill*         0x000000001000790e        0x2 
 .text.dns_backupserver_available
                0x0000000010007910       0x28 CMakeFiles/Auto_Hydroponics.dir/home/Programming/pico/pico-sdk/lib/lwip/src/core/dns.c.obj
 .text.dns_create_txid
                0x0000000010007938       0x3c CMakeFiles/Auto_Hydroponics.dir/home/Programming/pico/pico-sdk/lib/lwip/src/core/dns.c.obj
 .text.dns_call_found
                0x0000000010007974       0xf4 CMakeFiles/Auto_Hydroponics.dir/home/Programming/pico/pico-sdk/lib/lwip/src/core/dns.c.obj
 .text.dns_send
                0x0000000010007a68      0x178 CMakeFiles/Auto_Hydroponics.dir/home/Programming/pico/pico-sdk/lib/lwip/src/core/dns.c.obj
 .text.dns_check_entry
                0x0000000010007be0      0x11c CMakeFiles/Auto_Hydroponics.dir/home/Programming/pico/pico-sdk/lib/lwip/src/core/dns.c.obj
 .text.dns_check_entries
                0x0000000010007cfc       0x16 CMakeFiles/Auto_Hydroponics.dir/home/Programming/pico/pico-sdk/lib/lwip/src/core/dns.c.obj
 .text.dns_init
                0x0000000010007d12        0x2 CMakeFiles/Auto_Hydroponics.dir/home/Programming/pico/pico-sdk/lib/lwip/src/core/dns.c.obj
                0x0000000010007d12                dns_init
 .text.dns_setserver
                0x0000000010007d14       0x28 CMakeFiles/Auto_Hydroponics.dir/home/Programming/pico/pico-sdk/lib/lwip/src/core/dns.c.obj
                0x0000000010007d14                dns_setserver
 .text.dns_tmr  0x0000000010007d3c        0x8 CMakeFiles/Auto_Hydroponics.dir/home/Programming/pico/pico-sdk/lib/lwip/src/core/dns.c.obj
                0x0000000010007d3c                dns_tmr
 .text.lwip_standard_chksum
                0x0000000010007d44       0xac CMakeFiles/Auto_Hydroponics.dir/home/Programming/pico/pico-sdk/lib/lwip/src/core/inet_chksum.c.obj
                0x0000000010007d44                lwip_standard_chksum
 .text.inet_cksum_pseudo_base
                0x0000000010007df0       0x7c CMakeFiles/Auto_Hydroponics.dir/home/Programming/pico/pico-sdk/lib/lwip/src/core/inet_chksum.c.obj
 .text.inet_chksum_pseudo
                0x0000000010007e6c       0x30 CMakeFiles/Auto_Hydroponics.dir/home/Programming/pico/pico-sdk/lib/lwip/src/core/inet_chksum.c.obj
                0x0000000010007e6c                inet_chksum_pseudo
 .text.ip_chksum_pseudo
                0x0000000010007e9c       0x10 CMakeFiles/Auto_Hydroponics.dir/home/Programming/pico/pico-sdk/lib/lwip/src/core/inet_chksum.c.obj
                0x0000000010007e9c                ip_chksum_pseudo
 .text.inet_chksum
                0x0000000010007eac        0xc CMakeFiles/Auto_Hydroponics.dir/home/Programming/pico/pico-sdk/lib/lwip/src/core/inet_chksum.c.obj
                0x0000000010007eac                inet_chksum
 .text.inet_chksum_pbuf
                0x0000000010007eb8       0x52 CMakeFiles/Auto_Hydroponics.dir/home/Programming/pico/pico-sdk/lib/lwip/src/core/inet_chksum.c.obj
                0x0000000010007eb8                inet_chksum_pbuf
 *fill*         0x0000000010007f0a        0x2 
 .text.ptr_to_mem
                0x0000000010007f0c        0xc CMakeFiles/Auto_Hydroponics.dir/home/Programming/pico/pico-sdk/lib/lwip/src/core/mem.c.obj
 .text.mem_to_ptr
                0x0000000010007f18       0x10 CMakeFiles/Auto_Hydroponics.dir/home/Programming/pico/pico-sdk/lib/lwip/src/core/mem.c.obj
 .text.mem_link_valid
                0x0000000010007f28       0x5c CMakeFiles/Auto_Hydroponics.dir/home/Programming/pico/pico-sdk/lib/lwip/src/core/mem.c.obj
 .text.plug_holes
                0x0000000010007f84       0xd4 CMakeFiles/Auto_Hydroponics.dir/home/Programming/pico/pico-sdk/lib/lwip/src/core/mem.c.obj
 .text.mem_init
                0x0000000010008058       0x44 CMakeFiles/Auto_Hydroponics.dir/home/Programming/pico/pico-sdk/lib/lwip/src/core/mem.c.obj
                0x0000000010008058                mem_init
 .text.mem_free
                0x000000001000809c       0x84 CMakeFiles/Auto_Hydroponics.dir/home/Programming/pico/pico-sdk/lib/lwip/src/core/mem.c.obj
                0x000000001000809c                mem_free
 .text.mem_trim
                0x0000000010008120      0x134 CMakeFiles/Auto_Hydroponics.dir/home/Programming/pico/pico-sdk/lib/lwip/src/core/mem.c.obj
                0x0000000010008120                mem_trim
 .text.mem_malloc
                0x0000000010008254      0x134 CMakeFiles/Auto_Hydroponics.dir/home/Programming/pico/pico-sdk/lib/lwip/src/core/mem.c.obj
                0x0000000010008254                mem_malloc
 .text.do_memp_malloc_pool
                0x0000000010008388       0x30 CMakeFiles/Auto_Hydroponics.dir/home/Programming/pico/pico-sdk/lib/lwip/src/core/memp.c.obj
 .text.do_memp_free_pool
                0x00000000100083b8       0x28 CMakeFiles/Auto_Hydroponics.dir/home/Programming/pico/pico-sdk/lib/lwip/src/core/memp.c.obj
 .text.memp_init_pool
                0x00000000100083e0       0x2a CMakeFiles/Auto_Hydroponics.dir/home/Programming/pico/pico-sdk/lib/lwip/src/core/memp.c.obj
                0x00000000100083e0                memp_init_pool
 *fill*         0x000000001000840a        0x2 
 .text.memp_init
                0x000000001000840c       0x20 CMakeFiles/Auto_Hydroponics.dir/home/Programming/pico/pico-sdk/lib/lwip/src/core/memp.c.obj
                0x000000001000840c                memp_init
 .text.memp_malloc
                0x000000001000842c       0x24 CMakeFiles/Auto_Hydroponics.dir/home/Programming/pico/pico-sdk/lib/lwip/src/core/memp.c.obj
                0x000000001000842c                memp_malloc
 .text.memp_free
                0x0000000010008450       0x28 CMakeFiles/Auto_Hydroponics.dir/home/Programming/pico/pico-sdk/lib/lwip/src/core/memp.c.obj
                0x0000000010008450                memp_free
 .text.netif_do_set_netmask
                0x0000000010008478       0x1a CMakeFiles/Auto_Hydroponics.dir/home/Programming/pico/pico-sdk/lib/lwip/src/core/netif.c.obj
 .text.netif_do_set_gw
                0x0000000010008492       0x1a CMakeFiles/Auto_Hydroponics.dir/home/Programming/pico/pico-sdk/lib/lwip/src/core/netif.c.obj
 .text.netif_null_output_ip4
                0x00000000100084ac        0x6 CMakeFiles/Auto_Hydroponics.dir/home/Programming/pico/pico-sdk/lib/lwip/src/core/netif.c.obj
 .text.netif_do_ip_addr_changed
                0x00000000100084b2       0x1c CMakeFiles/Auto_Hydroponics.dir/home/Programming/pico/pico-sdk/lib/lwip/src/core/netif.c.obj
 *fill*         0x00000000100084ce        0x2 
 .text.netif_issue_reports
                0x00000000100084d0       0x34 CMakeFiles/Auto_Hydroponics.dir/home/Programming/pico/pico-sdk/lib/lwip/src/core/netif.c.obj
 .text.netif_do_set_ipaddr
                0x0000000010008504       0x54 CMakeFiles/Auto_Hydroponics.dir/home/Programming/pico/pico-sdk/lib/lwip/src/core/netif.c.obj
 .text.netif_init
                0x0000000010008558        0x2 CMakeFiles/Auto_Hydroponics.dir/home/Programming/pico/pico-sdk/lib/lwip/src/core/netif.c.obj
                0x0000000010008558                netif_init
 *fill*         0x000000001000855a        0x2 
 .text.netif_set_addr
                0x000000001000855c       0x78 CMakeFiles/Auto_Hydroponics.dir/home/Programming/pico/pico-sdk/lib/lwip/src/core/netif.c.obj
                0x000000001000855c                netif_set_addr
 .text.netif_add
                0x00000000100085d4      0x124 CMakeFiles/Auto_Hydroponics.dir/home/Programming/pico/pico-sdk/lib/lwip/src/core/netif.c.obj
                0x00000000100085d4                netif_add
 .text.netif_set_default
                0x00000000100086f8        0xc CMakeFiles/Auto_Hydroponics.dir/home/Programming/pico/pico-sdk/lib/lwip/src/core/netif.c.obj
                0x00000000100086f8                netif_set_default
 .text.netif_set_up
                0x0000000010008704       0x34 CMakeFiles/Auto_Hydroponics.dir/home/Programming/pico/pico-sdk/lib/lwip/src/core/netif.c.obj
                0x0000000010008704                netif_set_up
 .text.netif_set_down
                0x0000000010008738       0x38 CMakeFiles/Auto_Hydroponics.dir/home/Programming/pico/pico-sdk/lib/lwip/src/core/netif.c.obj
                0x0000000010008738                netif_set_down
 .text.netif_remove
                0x0000000010008770       0x64 CMakeFiles/Auto_Hydroponics.dir/home/Programming/pico/pico-sdk/lib/lwip/src/core/netif.c.obj
                0x0000000010008770                netif_remove
 .text.netif_set_link_up
                0x00000000100087d4       0x3c CMakeFiles/Auto_Hydroponics.dir/home/Programming/pico/pico-sdk/lib/lwip/src/core/netif.c.obj
                0x00000000100087d4                netif_set_link_up
 .text.netif_set_link_down
                0x0000000010008810       0x2c CMakeFiles/Auto_Hydroponics.dir/home/Programming/pico/pico-sdk/lib/lwip/src/core/netif.c.obj
                0x0000000010008810                netif_set_link_down
 .text.netif_get_by_index
                0x000000001000883c       0x24 CMakeFiles/Auto_Hydroponics.dir/home/Programming/pico/pico-sdk/lib/lwip/src/core/netif.c.obj
                0x000000001000883c                netif_get_by_index
 .text.pbuf_init_alloced_pbuf
                0x0000000010008860       0x20 CMakeFiles/Auto_Hydroponics.dir/home/Programming/pico/pico-sdk/lib/lwip/src/core/pbuf.c.obj
 .text.pbuf_skip_const
                0x0000000010008880       0x1a CMakeFiles/Auto_Hydroponics.dir/home/Programming/pico/pico-sdk/lib/lwip/src/core/pbuf.c.obj
 *fill*         0x000000001000889a        0x2 
 .text.pbuf_pool_is_empty
                0x000000001000889c       0x18 CMakeFiles/Auto_Hydroponics.dir/home/Programming/pico/pico-sdk/lib/lwip/src/core/pbuf.c.obj
 .text.pbuf_add_header_impl
                0x00000000100088b4       0x68 CMakeFiles/Auto_Hydroponics.dir/home/Programming/pico/pico-sdk/lib/lwip/src/core/pbuf.c.obj
 .text.pbuf_free_ooseq
                0x000000001000891c       0x30 CMakeFiles/Auto_Hydroponics.dir/home/Programming/pico/pico-sdk/lib/lwip/src/core/pbuf.c.obj
                0x000000001000891c                pbuf_free_ooseq
 .text.pbuf_alloc_reference
                0x000000001000894c       0x3c CMakeFiles/Auto_Hydroponics.dir/home/Programming/pico/pico-sdk/lib/lwip/src/core/pbuf.c.obj
                0x000000001000894c                pbuf_alloc_reference
 .text.pbuf_add_header
                0x0000000010008988        0xa CMakeFiles/Auto_Hydroponics.dir/home/Programming/pico/pico-sdk/lib/lwip/src/core/pbuf.c.obj
                0x0000000010008988                pbuf_add_header
 *fill*         0x0000000010008992        0x2 
 .text.pbuf_remove_header
                0x0000000010008994       0x50 CMakeFiles/Auto_Hydroponics.dir/home/Programming/pico/pico-sdk/lib/lwip/src/core/pbuf.c.obj
                0x0000000010008994                pbuf_remove_header
 .text.pbuf_header_impl
                0x00000000100089e4       0x14 CMakeFiles/Auto_Hydroponics.dir/home/Programming/pico/pico-sdk/lib/lwip/src/core/pbuf.c.obj
 .text.pbuf_header_force
                0x00000000100089f8        0xa CMakeFiles/Auto_Hydroponics.dir/home/Programming/pico/pico-sdk/lib/lwip/src/core/pbuf.c.obj
                0x00000000100089f8                pbuf_header_force
 *fill*         0x0000000010008a02        0x2 
 .text.pbuf_free
                0x0000000010008a04       0x7c CMakeFiles/Auto_Hydroponics.dir/home/Programming/pico/pico-sdk/lib/lwip/src/core/pbuf.c.obj
                0x0000000010008a04                pbuf_free
 .text.pbuf_alloc
                0x0000000010008a80      0x148 CMakeFiles/Auto_Hydroponics.dir/home/Programming/pico/pico-sdk/lib/lwip/src/core/pbuf.c.obj
                0x0000000010008a80                pbuf_alloc
 .text.pbuf_realloc
                0x0000000010008bc8       0x84 CMakeFiles/Auto_Hydroponics.dir/home/Programming/pico/pico-sdk/lib/lwip/src/core/pbuf.c.obj
                0x0000000010008bc8                pbuf_realloc
 .text.pbuf_clen
                0x0000000010008c4c       0x12 CMakeFiles/Auto_Hydroponics.dir/home/Programming/pico/pico-sdk/lib/lwip/src/core/pbuf.c.obj
                0x0000000010008c4c                pbuf_clen
 *fill*         0x0000000010008c5e        0x2 
 .text.pbuf_ref
                0x0000000010008c60       0x28 CMakeFiles/Auto_Hydroponics.dir/home/Programming/pico/pico-sdk/lib/lwip/src/core/pbuf.c.obj
                0x0000000010008c60                pbuf_ref
 .text.pbuf_cat
                0x0000000010008c88       0x44 CMakeFiles/Auto_Hydroponics.dir/home/Programming/pico/pico-sdk/lib/lwip/src/core/pbuf.c.obj
                0x0000000010008c88                pbuf_cat
 .text.pbuf_chain
                0x0000000010008ccc       0x10 CMakeFiles/Auto_Hydroponics.dir/home/Programming/pico/pico-sdk/lib/lwip/src/core/pbuf.c.obj
                0x0000000010008ccc                pbuf_chain
 .text.pbuf_copy_partial_pbuf
                0x0000000010008cdc      0x13c CMakeFiles/Auto_Hydroponics.dir/home/Programming/pico/pico-sdk/lib/lwip/src/core/pbuf.c.obj
                0x0000000010008cdc                pbuf_copy_partial_pbuf
 .text.pbuf_copy
                0x0000000010008e18       0x20 CMakeFiles/Auto_Hydroponics.dir/home/Programming/pico/pico-sdk/lib/lwip/src/core/pbuf.c.obj
                0x0000000010008e18                pbuf_copy
 .text.pbuf_copy_partial
                0x0000000010008e38       0x90 CMakeFiles/Auto_Hydroponics.dir/home/Programming/pico/pico-sdk/lib/lwip/src/core/pbuf.c.obj
                0x0000000010008e38                pbuf_copy_partial
 .text.pbuf_skip
                0x0000000010008ec8        0x8 CMakeFiles/Auto_Hydroponics.dir/home/Programming/pico/pico-sdk/lib/lwip/src/core/pbuf.c.obj
                0x0000000010008ec8                pbuf_skip
 .text.pbuf_take
                0x0000000010008ed0       0x98 CMakeFiles/Auto_Hydroponics.dir/home/Programming/pico/pico-sdk/lib/lwip/src/core/pbuf.c.obj
                0x0000000010008ed0                pbuf_take
 .text.pbuf_take_at
                0x0000000010008f68       0x70 CMakeFiles/Auto_Hydroponics.dir/home/Programming/pico/pico-sdk/lib/lwip/src/core/pbuf.c.obj
                0x0000000010008f68                pbuf_take_at
 .text.pbuf_clone
                0x0000000010008fd8       0x2c CMakeFiles/Auto_Hydroponics.dir/home/Programming/pico/pico-sdk/lib/lwip/src/core/pbuf.c.obj
                0x0000000010008fd8                pbuf_clone
 .text.pbuf_put_at
                0x0000000010009004       0x26 CMakeFiles/Auto_Hydroponics.dir/home/Programming/pico/pico-sdk/lib/lwip/src/core/pbuf.c.obj
                0x0000000010009004                pbuf_put_at
 *fill*         0x000000001000902a        0x2 
 .text.raw_input_local_match
                0x000000001000902c       0x5c CMakeFiles/Auto_Hydroponics.dir/home/Programming/pico/pico-sdk/lib/lwip/src/core/raw.c.obj
 .text.raw_input
                0x0000000010009088       0xb0 CMakeFiles/Auto_Hydroponics.dir/home/Programming/pico/pico-sdk/lib/lwip/src/core/raw.c.obj
                0x0000000010009088                raw_input
 .text.raw_netif_ip_addr_changed
                0x0000000010009138       0x38 CMakeFiles/Auto_Hydroponics.dir/home/Programming/pico/pico-sdk/lib/lwip/src/core/raw.c.obj
                0x0000000010009138                raw_netif_ip_addr_changed
 .text.stats_init
                0x0000000010009170        0x2 CMakeFiles/Auto_Hydroponics.dir/home/Programming/pico/pico-sdk/lib/lwip/src/core/stats.c.obj
                0x0000000010009170                stats_init
 *fill*         0x0000000010009172        0x2 
 .text.tcp_remove_listener
                0x0000000010009174       0x24 CMakeFiles/Auto_Hydroponics.dir/home/Programming/pico/pico-sdk/lib/lwip/src/core/tcp.c.obj
 .text.tcp_listen_closed
                0x0000000010009198       0x40 CMakeFiles/Auto_Hydroponics.dir/home/Programming/pico/pico-sdk/lib/lwip/src/core/tcp.c.obj
 .text.tcp_free_listen
                0x00000000100091d8       0x1c CMakeFiles/Auto_Hydroponics.dir/home/Programming/pico/pico-sdk/lib/lwip/src/core/tcp.c.obj
 .text.tcp_close_shutdown_fin
                0x00000000100091f4       0x68 CMakeFiles/Auto_Hydroponics.dir/home/Programming/pico/pico-sdk/lib/lwip/src/core/tcp.c.obj
 .text.tcp_handle_closepend
                0x000000001000925c       0x28 CMakeFiles/Auto_Hydroponics.dir/home/Programming/pico/pico-sdk/lib/lwip/src/core/tcp.c.obj
 .text.tcp_init
                0x0000000010009284       0x20 CMakeFiles/Auto_Hydroponics.dir/home/Programming/pico/pico-sdk/lib/lwip/src/core/tcp.c.obj
                0x0000000010009284                tcp_init
 .text.tcp_free
                0x00000000100092a4       0x1c CMakeFiles/Auto_Hydroponics.dir/home/Programming/pico/pico-sdk/lib/lwip/src/core/tcp.c.obj
                0x00000000100092a4                tcp_free
 .text.tcp_update_rcv_ann_wnd
                0x00000000100092c0       0x58 CMakeFiles/Auto_Hydroponics.dir/home/Programming/pico/pico-sdk/lib/lwip/src/core/tcp.c.obj
                0x00000000100092c0                tcp_update_rcv_ann_wnd
 .text.tcp_recved
                0x0000000010009318       0x60 CMakeFiles/Auto_Hydroponics.dir/home/Programming/pico/pico-sdk/lib/lwip/src/core/tcp.c.obj
                0x0000000010009318                tcp_recved
 .text.tcp_seg_free
                0x0000000010009378       0x1a CMakeFiles/Auto_Hydroponics.dir/home/Programming/pico/pico-sdk/lib/lwip/src/core/tcp.c.obj
                0x0000000010009378                tcp_seg_free
 .text.tcp_segs_free
                0x0000000010009392       0x12 CMakeFiles/Auto_Hydroponics.dir/home/Programming/pico/pico-sdk/lib/lwip/src/core/tcp.c.obj
                0x0000000010009392                tcp_segs_free
 .text.tcp_seg_copy
                0x00000000100093a4       0x2c CMakeFiles/Auto_Hydroponics.dir/home/Programming/pico/pico-sdk/lib/lwip/src/core/tcp.c.obj
                0x00000000100093a4                tcp_seg_copy
 .text.tcp_next_iss
                0x00000000100093d0       0x28 CMakeFiles/Auto_Hydroponics.dir/home/Programming/pico/pico-sdk/lib/lwip/src/core/tcp.c.obj
                0x00000000100093d0                tcp_next_iss
 .text.tcp_eff_send_mss_netif
                0x00000000100093f8       0x34 CMakeFiles/Auto_Hydroponics.dir/home/Programming/pico/pico-sdk/lib/lwip/src/core/tcp.c.obj
                0x00000000100093f8                tcp_eff_send_mss_netif
 .text.tcp_free_ooseq
                0x000000001000942c       0x14 CMakeFiles/Auto_Hydroponics.dir/home/Programming/pico/pico-sdk/lib/lwip/src/core/tcp.c.obj
                0x000000001000942c                tcp_free_ooseq
 .text.tcp_pcb_purge
                0x0000000010009440       0x58 CMakeFiles/Auto_Hydroponics.dir/home/Programming/pico/pico-sdk/lib/lwip/src/core/tcp.c.obj
                0x0000000010009440                tcp_pcb_purge
 .text.tcp_pcb_remove
                0x0000000010009498       0xa4 CMakeFiles/Auto_Hydroponics.dir/home/Programming/pico/pico-sdk/lib/lwip/src/core/tcp.c.obj
                0x0000000010009498                tcp_pcb_remove
 .text.tcp_abandon
                0x000000001000953c      0x10c CMakeFiles/Auto_Hydroponics.dir/home/Programming/pico/pico-sdk/lib/lwip/src/core/tcp.c.obj
                0x000000001000953c                tcp_abandon
 .text.tcp_abort
                0x0000000010009648        0xa CMakeFiles/Auto_Hydroponics.dir/home/Programming/pico/pico-sdk/lib/lwip/src/core/tcp.c.obj
                0x0000000010009648                tcp_abort
 *fill*         0x0000000010009652        0x2 
 .text.tcp_kill_timewait
                0x0000000010009654       0x38 CMakeFiles/Auto_Hydroponics.dir/home/Programming/pico/pico-sdk/lib/lwip/src/core/tcp.c.obj
 .text.tcp_kill_prio